Archive member included to satisfy reference by file (symbol)

C:\Users\junqu\Documents\GitHub\atividade-comunica-o-2-arthur\.pio\build\frdm_kl25z\zephyr/libzephyr.a(heap.c.o)
                              (--whole-archive)
C:\Users\junqu\Documents\GitHub\atividade-comunica-o-2-arthur\.pio\build\frdm_kl25z\zephyr/libzephyr.a(cbprintf_packaged.c.o)
                              (--whole-archive)
C:\Users\junqu\Documents\GitHub\atividade-comunica-o-2-arthur\.pio\build\frdm_kl25z\zephyr/libzephyr.a(clock.c.o)
                              (--whole-archive)
C:\Users\junqu\Documents\GitHub\atividade-comunica-o-2-arthur\.pio\build\frdm_kl25z\zephyr/libzephyr.a(printk.c.o)
                              (--whole-archive)
C:\Users\junqu\Documents\GitHub\atividade-comunica-o-2-arthur\.pio\build\frdm_kl25z\zephyr/libzephyr.a(sem.c.o)
                              (--whole-archive)
C:\Users\junqu\Documents\GitHub\atividade-comunica-o-2-arthur\.pio\build\frdm_kl25z\zephyr/libzephyr.a(thread_entry.c.o)
                              (--whole-archive)
C:\Users\junqu\Documents\GitHub\atividade-comunica-o-2-arthur\.pio\build\frdm_kl25z\zephyr/libzephyr.a(cbprintf_complete.c.o)
                              (--whole-archive)
C:\Users\junqu\Documents\GitHub\atividade-comunica-o-2-arthur\.pio\build\frdm_kl25z\zephyr/libzephyr.a(assert.c.o)
                              (--whole-archive)
C:\Users\junqu\Documents\GitHub\atividade-comunica-o-2-arthur\.pio\build\frdm_kl25z\zephyr/libzephyr.a(mpsc_pbuf.c.o)
                              (--whole-archive)
C:\Users\junqu\Documents\GitHub\atividade-comunica-o-2-arthur\.pio\build\frdm_kl25z\zephyr/libzephyr.a(dec.c.o)
                              (--whole-archive)
C:\Users\junqu\Documents\GitHub\atividade-comunica-o-2-arthur\.pio\build\frdm_kl25z\zephyr/libzephyr.a(hex.c.o)
                              (--whole-archive)
C:\Users\junqu\Documents\GitHub\atividade-comunica-o-2-arthur\.pio\build\frdm_kl25z\zephyr/libzephyr.a(rb.c.o)
                              (--whole-archive)
C:\Users\junqu\Documents\GitHub\atividade-comunica-o-2-arthur\.pio\build\frdm_kl25z\zephyr/libzephyr.a(timeutil.c.o)
                              (--whole-archive)
C:\Users\junqu\Documents\GitHub\atividade-comunica-o-2-arthur\.pio\build\frdm_kl25z\zephyr/libzephyr.a(bitarray.c.o)
                              (--whole-archive)
C:\Users\junqu\Documents\GitHub\atividade-comunica-o-2-arthur\.pio\build\frdm_kl25z\zephyr/libzephyr.a(ring_buffer.c.o)
                              (--whole-archive)
C:\Users\junqu\Documents\GitHub\atividade-comunica-o-2-arthur\.pio\build\frdm_kl25z\zephyr/libzephyr.a(last_section_id.c.o)
                              (--whole-archive)
C:\Users\junqu\Documents\GitHub\atividade-comunica-o-2-arthur\.pio\build\frdm_kl25z\zephyr/libzephyr.a(configs.c.o)
                              (--whole-archive)
C:\Users\junqu\Documents\GitHub\atividade-comunica-o-2-arthur\.pio\build\frdm_kl25z\zephyr/libzephyr.a(flash_configuration.c.o)
                              (--whole-archive)
C:\Users\junqu\Documents\GitHub\atividade-comunica-o-2-arthur\.pio\build\frdm_kl25z\zephyr/libzephyr.a(soc.c.o)
                              (--whole-archive)
C:\Users\junqu\Documents\GitHub\atividade-comunica-o-2-arthur\.pio\build\frdm_kl25z\zephyr/libzephyr.a(log_core.c.o)
                              (--whole-archive)
C:\Users\junqu\Documents\GitHub\atividade-comunica-o-2-arthur\.pio\build\frdm_kl25z\zephyr/libzephyr.a(log_mgmt.c.o)
                              (--whole-archive)
C:\Users\junqu\Documents\GitHub\atividade-comunica-o-2-arthur\.pio\build\frdm_kl25z\zephyr/libzephyr.a(log_cache.c.o)
                              (--whole-archive)
C:\Users\junqu\Documents\GitHub\atividade-comunica-o-2-arthur\.pio\build\frdm_kl25z\zephyr/libzephyr.a(log_msg.c.o)
                              (--whole-archive)
C:\Users\junqu\Documents\GitHub\atividade-comunica-o-2-arthur\.pio\build\frdm_kl25z\zephyr/libzephyr.a(log_output.c.o)
                              (--whole-archive)
C:\Users\junqu\Documents\GitHub\atividade-comunica-o-2-arthur\.pio\build\frdm_kl25z\zephyr/libzephyr.a(log_backend_uart.c.o)
                              (--whole-archive)
C:\Users\junqu\Documents\GitHub\atividade-comunica-o-2-arthur\.pio\build\frdm_kl25z\zephyr/libzephyr.a(tracing_none.c.o)
                              (--whole-archive)
C:\Users\junqu\Documents\GitHub\atividade-comunica-o-2-arthur\.pio\build\frdm_kl25z\zephyr/arch/common/libarch__common.a(sw_isr_common.c.o)
                              (--whole-archive)
C:\Users\junqu\Documents\GitHub\atividade-comunica-o-2-arthur\.pio\build\frdm_kl25z\zephyr/arch/common/libarch__common.a(dynamic_isr.c.o)
                              (--whole-archive)
C:\Users\junqu\Documents\GitHub\atividade-comunica-o-2-arthur\.pio\build\frdm_kl25z\zephyr/arch/arch/arm/core/libarch__arm__core.a(fatal.c.o)
                              (--whole-archive)
[...]
Memory Configuration

Name             Origin             Length             Attributes
FLASH            0x0000000000000000 0x0000000000020000 xr
RAM              0x000000001ffff000 0x0000000000004000 xw
IDT_LIST         0x00000000ffff7fff 0x0000000000008000 xw
*default*        0x0000000000000000 0xffffffffffffffff

Linker script and memory map

LOAD .pio\build\frdm_kl25z\zephyr_pre0\zephyr\misc\empty_file.c.o
LOAD .pio\build\frdm_kl25z\src\main.o
LOAD .pio\build\frdm_kl25z\zephyr_final\zephyr\misc\empty_file.c.o
LOAD .pio\build\frdm_kl25z\zephyr_final\zephyr\isr_tables.c.o
LOAD C:\Users\junqu\Documents\GitHub\atividade-comunica-o-2-arthur\.pio\build\frdm_kl25z\zephyr/libzephyr.a
LOAD C:\Users\junqu\Documents\GitHub\atividade-comunica-o-2-arthur\.pio\build\frdm_kl25z\zephyr/arch/common/libarch__common.a
LOAD C:\Users\junqu\Documents\GitHub\atividade-comunica-o-2-arthur\.pio\build\frdm_kl25z\zephyr/arch/arch/arm/core/libarch__arm__core.a
LOAD C:\Users\junqu\Documents\GitHub\atividade-comunica-o-2-arthur\.pio\build\frdm_kl25z\zephyr/arch/arch/arm/core/cortex_m/libarch__arm__core__cortex_m.a
LOAD C:\Users\junqu\Documents\GitHub\atividade-comunica-o-2-arthur\.pio\build\frdm_kl25z\zephyr/lib/libc/picolibc/liblib__libc__picolibc.a
LOAD C:\Users\junqu\Documents\GitHub\atividade-comunica-o-2-arthur\.pio\build\frdm_kl25z\zephyr/lib/libc/common/liblib__libc__common.a
LOAD C:\Users\junqu\Documents\GitHub\atividade-comunica-o-2-arthur\.pio\build\frdm_kl25z\zephyr/drivers/clock_control/libdrivers__clock_control.a
LOAD C:\Users\junqu\Documents\GitHub\atividade-comunica-o-2-arthur\.pio\build\frdm_kl25z\zephyr/drivers/console/libdrivers__console.a
LOAD C:\Users\junqu\Documents\GitHub\atividade-comunica-o-2-arthur\.pio\build\frdm_kl25z\zephyr/drivers/gpio/libdrivers__gpio.a
LOAD C:\Users\junqu\Documents\GitHub\atividade-comunica-o-2-arthur\.pio\build\frdm_kl25z\zephyr/drivers/i2c/libdrivers__i2c.a
LOAD C:\Users\junqu\Documents\GitHub\atividade-comunica-o-2-arthur\.pio\build\frdm_kl25z\zephyr/drivers/pinctrl/libdrivers__pinctrl.a
LOAD C:\Users\junqu\Documents\GitHub\atividade-comunica-o-2-arthur\.pio\build\frdm_kl25z\zephyr/drivers/sensor/nxp/fxos8700/libdrivers__sensor__nxp__fxos8700.a
LOAD C:\Users\junqu\Documents\GitHub\atividade-comunica-o-2-arthur\.pio\build\frdm_kl25z\zephyr/drivers/serial/libdrivers__serial.a
LOAD C:\Users\junqu\Documents\GitHub\atividade-comunica-o-2-arthur\.pio\build\frdm_kl25z\zephyr/drivers/timer/libdrivers__timer.a
LOAD C:\Users\junqu\Documents\GitHub\atividade-comunica-o-2-arthur\.pio\build\frdm_kl25z\modules/_bare_module/lib_pio___bare_module.a
LOAD C:\Users\junqu\Documents\GitHub\atividade-comunica-o-2-arthur\.pio\build\frdm_kl25z\modules/hal_nxp/libmodules__hal_nxp.a
LOAD C:\Users\junqu\Documents\GitHub\atividade-comunica-o-2-arthur\.pio\build\frdm_kl25z\zephyr\liboffsets.a
LOAD C:\Users\junqu\Documents\GitHub\atividade-comunica-o-2-arthur\.pio\build\frdm_kl25z\zephyr/kernel/libkernel.a
LOAD C:\Users\junqu\Documents\GitHub\atividade-comunica-o-2-arthur\.pio\build\frdm_kl25z\zephyr/arch/common/libisr_tables.a
LOAD C:\Users\junqu\Documents\GitHub\atividade-comunica-o-2-arthur\.pio\build\frdm_kl25z\modules\picolibc\libc.a
LOAD c:/users/junqu/.platformio/packages/toolchain-gccarmnoneeabi/bin/../lib/gcc/arm-none-eabi/8.2.1/thumb/v6-m/nofp\libgcc.a
                0x0000000000000004                _region_min_align = 0x4

.rel.plt        0x0000000000000000        0x0
 *(SORT_BY_ALIGNMENT(.rel.plt))
                [!provide]                        PROVIDE (__rel_iplt_start = .)
 *(SORT_BY_ALIGNMENT(.rel.iplt))
 .rel.iplt      0x0000000000000000        0x0 .pio\build\frdm_kl25z\src\main.o
                [!provide]                        PROVIDE (__rel_iplt_end = .)

.rela.plt       0x0000000000000000        0x0
 *(SORT_BY_ALIGNMENT(.rela.plt))
                [!provide]                        PROVIDE (__rela_iplt_start = .)
 *(SORT_BY_ALIGNMENT(.rela.iplt))
                [!provide]                        PROVIDE (__rela_iplt_end = .)

.rel.dyn
 *(SORT_BY_ALIGNMENT(.rel.*))

.rela.dyn
 *(SORT_BY_ALIGNMENT(.rela.*))

/DISCARD/
 *(SORT_BY_ALIGNMENT(.plt))
 *(SORT_BY_ALIGNMENT(.iplt))
 *(SORT_BY_ALIGNMENT(.eh_frame))
 *(SORT_BY_ALIGNMENT(.got.plt))
 *(SORT_BY_ALIGNMENT(.igot.plt))
 *(SORT_BY_ALIGNMENT(.got))
 *(SORT_BY_ALIGNMENT(.igot))
 *(SORT_BY_ALIGNMENT(.irq_info*))
 *(SORT_BY_ALIGNMENT(.intList*))
 *(SORT_BY_ALIGNMENT(.note.GNU-stack))
                0x0000000000000000                __rom_region_start = 0x0

rom_start       0x0000000000000000      0x410
                0x0000000000000000                __rom_start_address = .
 FILL mask 0x00
                0x0000000000000000                . = (. + (0x0 - (. - __rom_start_address)))
                0x0000000000000000                . = ALIGN (0x4)
                0x0000000000000000                . = ALIGN (0x100)
                0x0000000000000000                . = ALIGN (0x100)
                0x0000000000000000                _vector_start = .
 *(SORT_BY_ALIGNMENT(.exc_vector_table))
 *(SORT_BY_ALIGNMENT(.exc_vector_table.*))
 .exc_vector_table._vector_table_section
                0x0000000000000000       0x40 C:\Users\junqu\Documents\GitHub\atividade-comunica-o-2-arthur\.pio\build\frdm_kl25z\zephyr/arch/arch/arm/core/cortex_m/libarch__arm__core__cortex_m.a(vector_table.S.o)
                0x0000000000000000                _vector_table
 *(SORT_BY_ALIGNMENT(.vectors))
                0x0000000000000040                _vector_end = .
                0x0000000000000040                . = ALIGN (0x4)
 *(SORT_BY_ALIGNMENT(.gnu.linkonce.irq_vector_table*))
 .gnu.linkonce.irq_vector_table
                0x0000000000000040       0x80 .pio\build\frdm_kl25z\zephyr_final\zephyr\isr_tables.c.o
                0x0000000000000040                _irq_vector_table
                0x00000000000000c0                _vector_end = .
                0x0000000000000400                . = 0x400
 *fill*         0x00000000000000c0      0x340 00
 *(SORT_BY_ALIGNMENT(.kinetis_flash_config))
 *(SORT_BY_ALIGNMENT(.kinetis_flash_config.*))
 .kinetis_flash_config."ZEPHYR_BASE\\soc\\nxp\\kinetis\\flash_configuration.c".0
                0x0000000000000400       0x10 C:\Users\junqu\Documents\GitHub\atividade-comunica-o-2-arthur\.pio\build\frdm_kl25z\zephyr/libzephyr.a(flash_configuration.c.o)
                0x0000000000000400                __kinetis_flash_config

text            0x0000000000000410     0x6090
                0x0000000000000410                __text_region_start = .
 *(SORT_BY_ALIGNMENT(.text))
 .text          0x0000000000000410       0x14 c:/users/junqu/.platformio/packages/toolchain-gccarmnoneeabi/bin/../lib/gcc/arm-none-eabi/8.2.1/thumb/v6-m/nofp\libgcc.a(_thumb1_case_sqi.o)
                0x0000000000000410                __gnu_thumb1_case_sqi
 .text          0x0000000000000424       0x14 c:/users/junqu/.platformio/packages/toolchain-gccarmnoneeabi/bin/../lib/gcc/arm-none-eabi/8.2.1/thumb/v6-m/nofp\libgcc.a(_thumb1_case_uqi.o)
                0x0000000000000424                __gnu_thumb1_case_uqi
 .text          0x0000000000000438      0x114 c:/users/junqu/.platformio/packages/toolchain-gccarmnoneeabi/bin/../lib/gcc/arm-none-eabi/8.2.1/thumb/v6-m/nofp\libgcc.a(_udivsi3.o)
                0x0000000000000438                __aeabi_uidiv
                0x0000000000000438                __udivsi3
                0x0000000000000544                __aeabi_uidivmod
 .text          0x000000000000054c      0x1d4 c:/users/junqu/.platformio/packages/toolchain-gccarmnoneeabi/bin/../lib/gcc/arm-none-eabi/8.2.1/thumb/v6-m/nofp\libgcc.a(_divsi3.o)
                0x000000000000054c                __divsi3
                0x000000000000054c                __aeabi_idiv
                0x0000000000000718                __aeabi_idivmod
 .text          0x0000000000000720        0x4 c:/users/junqu/.platformio/packages/toolchain-gccarmnoneeabi/bin/../lib/gcc/arm-none-eabi/8.2.1/thumb/v6-m/nofp\libgcc.a(_dvmd_tls.o)
                0x0000000000000720                __aeabi_idiv0
                0x0000000000000720                __aeabi_ldiv0
 .text          0x0000000000000724       0x1c c:/users/junqu/.platformio/packages/toolchain-gccarmnoneeabi/bin/../lib/gcc/arm-none-eabi/8.2.1/thumb/v6-m/nofp\libgcc.a(_ashrdi3.o)
                0x0000000000000724                __aeabi_lasr
                0x0000000000000724                __ashrdi3
 .text          0x0000000000000740       0x3c c:/users/junqu/.platformio/packages/toolchain-gccarmnoneeabi/bin/../lib/gcc/arm-none-eabi/8.2.1/thumb/v6-m/nofp\libgcc.a(_clzsi2.o)
                0x0000000000000740                __clzsi2
 .text          0x000000000000077c       0x40 c:/users/junqu/.platformio/packages/toolchain-gccarmnoneeabi/bin/../lib/gcc/arm-none-eabi/8.2.1/thumb/v6-m/nofp\libgcc.a(_ctzsi2.o)
                0x000000000000077c                __ctzsi2
 .text          0x00000000000007bc       0x40 c:/users/junqu/.platformio/packages/toolchain-gccarmnoneeabi/bin/../lib/gcc/arm-none-eabi/8.2.1/thumb/v6-m/nofp\libgcc.a(_aeabi_uldivmod.o)
                0x00000000000007bc                __aeabi_uldivmod
 .text          0x00000000000007fc       0x18 c:/users/junqu/.platformio/packages/toolchain-gccarmnoneeabi/bin/../lib/gcc/arm-none-eabi/8.2.1/thumb/v6-m/nofp\libgcc.a(_clzdi2.o)
                0x00000000000007fc                __clzdi2
 .text          0x0000000000000814        0xe C:\Users\junqu\Documents\GitHub\atividade-comunica-o-2-arthur\.pio\build\frdm_kl25z\modules\picolibc\libc.a(strlen.S.o)
                0x0000000000000814                strlen
 *(SORT_BY_ALIGNMENT(.text.*))
 *fill*         0x0000000000000822        0x2 
 .text.serial_cb
                0x0000000000000824       0x88 .pio\build\frdm_kl25z\src\main.o
                0x0000000000000824                serial_cb
 .text.print_uart
                0x00000000000008ac       0x24 .pio\build\frdm_kl25z\src\main.o
                0x00000000000008ac                print_uart
 .text.main     0x00000000000008d0       0x9c .pio\build\frdm_kl25z\src\main.o
                0x00000000000008d0                main
 .text.cbvprintf_package
                0x000000000000096c      0x368 C:\Users\junqu\Documents\GitHub\atividade-comunica-o-2-arthur\.pio\build\frdm_kl25z\zephyr/libzephyr.a(cbprintf_packaged.c.o)
                0x000000000000096c                cbvprintf_package
 .text.cbprintf_package_convert
                0x0000000000000cd4      0x428 C:\Users\junqu\Documents\GitHub\atividade-comunica-o-2-arthur\.pio\build\frdm_kl25z\zephyr/libzephyr.a(cbprintf_packaged.c.o)
                0x0000000000000cd4                cbprintf_package_convert
 .text.__printk_hook_install
                0x00000000000010fc        0xc C:\Users\junqu\Documents\GitHub\atividade-comunica-o-2-arthur\.pio\build\frdm_kl25z\zephyr/libzephyr.a(printk.c.o)
                0x00000000000010fc                __printk_hook_install
 .text.clock_init
                0x0000000000001108       0x84 C:\Users\junqu\Documents\GitHub\atividade-comunica-o-2-arthur\.pio\build\frdm_kl25z\zephyr/libzephyr.a(soc.c.o)
                0x0000000000001108                clock_init
 .text.enable_logger
                0x000000000000118c       0x5c C:\Users\junqu\Documents\GitHub\atividade-comunica-o-2-arthur\.pio\build\frdm_kl25z\zephyr/libzephyr.a(log_core.c.o)
 .text.log_process_thread_timer_expiry_fn
                0x00000000000011e8       0x10 C:\Users\junqu\Documents\GitHub\atividade-comunica-o-2-arthur\.pio\build\frdm_kl25z\zephyr/libzephyr.a(log_core.c.o)
 .text.activate_foreach_backend
                0x00000000000011f8       0x58 C:\Users\junqu\Documents\GitHub\atividade-comunica-o-2-arthur\.pio\build\frdm_kl25z\zephyr/libzephyr.a(log_core.c.o)
 .text.z_log_init
                0x0000000000001250       0x94 C:\Users\junqu\Documents\GitHub\atividade-comunica-o-2-arthur\.pio\build\frdm_kl25z\zephyr/libzephyr.a(log_core.c.o)
 .text.log_format_func_t_get
                0x00000000000012e4        0xc C:\Users\junqu\Documents\GitHub\atividade-comunica-o-2-arthur\.pio\build\frdm_kl25z\zephyr/libzephyr.a(log_core.c.o)
                0x00000000000012e4                log_format_func_t_get
 .text.log_set_timestamp_func
                0x00000000000012f0       0x20 C:\Users\junqu\Documents\GitHub\atividade-comunica-o-2-arthur\.pio\build\frdm_kl25z\zephyr/libzephyr.a(log_core.c.o)
                0x00000000000012f0                log_set_timestamp_func
 .text.z_log_notify_backend_enabled
                0x0000000000001310       0x20 C:\Users\junqu\Documents\GitHub\atividade-comunica-o-2-arthur\.pio\build\frdm_kl25z\zephyr/libzephyr.a(log_core.c.o)
                0x0000000000001310                z_log_notify_backend_enabled
 .text.z_log_dropped
                0x0000000000001330       0x34 C:\Users\junqu\Documents\GitHub\atividade-comunica-o-2-arthur\.pio\build\frdm_kl25z\zephyr/libzephyr.a(log_core.c.o)
                0x0000000000001330                z_log_dropped
 .text.z_log_dropped_read_and_clear
                0x0000000000001364       0x10 C:\Users\junqu\Documents\GitHub\atividade-comunica-o-2-arthur\.pio\build\frdm_kl25z\zephyr/libzephyr.a(log_core.c.o)
                0x0000000000001364                z_log_dropped_read_and_clear
 .text.dropped_notify
                0x0000000000001374       0x34 C:\Users\junqu\Documents\GitHub\atividade-comunica-o-2-arthur\.pio\build\frdm_kl25z\zephyr/libzephyr.a(log_core.c.o)
                0x0000000000001374                dropped_notify
 .text.z_log_msg_init
                0x00000000000013a8       0x20 C:\Users\junqu\Documents\GitHub\atividade-comunica-o-2-arthur\.pio\build\frdm_kl25z\zephyr/libzephyr.a(log_core.c.o)
                0x00000000000013a8                z_log_msg_init
 .text.log_core_init
                0x00000000000013c8       0x50 C:\Users\junqu\Documents\GitHub\atividade-comunica-o-2-arthur\.pio\build\frdm_kl25z\zephyr/libzephyr.a(log_core.c.o)
                0x00000000000013c8                log_core_init
 .text.z_log_msg_alloc
                0x0000000000001418       0x14 C:\Users\junqu\Documents\GitHub\atividade-comunica-o-2-arthur\.pio\build\frdm_kl25z\zephyr/libzephyr.a(log_core.c.o)
                0x0000000000001418                z_log_msg_alloc
 .text.z_log_msg_local_claim
                0x000000000000142c       0x10 C:\Users\junqu\Documents\GitHub\atividade-comunica-o-2-arthur\.pio\build\frdm_kl25z\zephyr/libzephyr.a(log_core.c.o)
                0x000000000000142c                z_log_msg_local_claim
 .text.z_log_msg_free
                0x000000000000143c       0x14 C:\Users\junqu\Documents\GitHub\atividade-comunica-o-2-arthur\.pio\build\frdm_kl25z\zephyr/libzephyr.a(log_core.c.o)
                0x000000000000143c                z_log_msg_free
 .text.z_log_msg_pending
                0x0000000000001450       0x10 C:\Users\junqu\Documents\GitHub\atividade-comunica-o-2-arthur\.pio\build\frdm_kl25z\zephyr/libzephyr.a(log_core.c.o)
                0x0000000000001450                z_log_msg_pending
 .text.z_impl_log_process
                0x0000000000001460       0x9c C:\Users\junqu\Documents\GitHub\atividade-comunica-o-2-arthur\.pio\build\frdm_kl25z\zephyr/libzephyr.a(log_core.c.o)
                0x0000000000001460                z_impl_log_process
 .text.z_log_msg_post_finalize
                0x00000000000014fc       0x70 C:\Users\junqu\Documents\GitHub\atividade-comunica-o-2-arthur\.pio\build\frdm_kl25z\zephyr/libzephyr.a(log_core.c.o)
 .text.z_log_msg_commit
                0x000000000000156c       0x24 C:\Users\junqu\Documents\GitHub\atividade-comunica-o-2-arthur\.pio\build\frdm_kl25z\zephyr/libzephyr.a(log_core.c.o)
                0x000000000000156c                z_log_msg_commit
 .text.z_impl_log_panic
                0x0000000000001590       0x48 C:\Users\junqu\Documents\GitHub\atividade-comunica-o-2-arthur\.pio\build\frdm_kl25z\zephyr/libzephyr.a(log_core.c.o)
                0x0000000000001590                z_impl_log_panic
 .text.log_process_thread_func
                0x00000000000015d8       0x9c C:\Users\junqu\Documents\GitHub\atividade-comunica-o-2-arthur\.pio\build\frdm_kl25z\zephyr/libzephyr.a(log_core.c.o)
 .text.log_source_name_get
                0x0000000000001674       0x1c C:\Users\junqu\Documents\GitHub\atividade-comunica-o-2-arthur\.pio\build\frdm_kl25z\zephyr/libzephyr.a(log_mgmt.c.o)
                0x0000000000001674                log_source_name_get
 .text.z_impl_z_log_msg_static_create
                0x0000000000001690      0x128 C:\Users\junqu\Documents\GitHub\atividade-comunica-o-2-arthur\.pio\build\frdm_kl25z\zephyr/libzephyr.a(log_msg.c.o)
                0x0000000000001690                z_impl_z_log_msg_static_create
 .text.z_log_msg_runtime_vcreate
                0x00000000000017b8       0x98 C:\Users\junqu\Documents\GitHub\atividade-comunica-o-2-arthur\.pio\build\frdm_kl25z\zephyr/libzephyr.a(log_msg.c.o)
                0x00000000000017b8                z_log_msg_runtime_vcreate
 .text.log_msg_get_source_id
                0x0000000000001850       0x1c C:\Users\junqu\Documents\GitHub\atividade-comunica-o-2-arthur\.pio\build\frdm_kl25z\zephyr/libzephyr.a(log_msg.c.o)
                0x0000000000001850                log_msg_get_source_id
 .text.print_formatted
                0x000000000000186c       0x20 C:\Users\junqu\Documents\GitHub\atividade-comunica-o-2-arthur\.pio\build\frdm_kl25z\zephyr/libzephyr.a(log_output.c.o)
 .text.log_output_process
                0x000000000000188c      0x2c8 C:\Users\junqu\Documents\GitHub\atividade-comunica-o-2-arthur\.pio\build\frdm_kl25z\zephyr/libzephyr.a(log_output.c.o)
                0x000000000000188c                log_output_process
 .text.log_output_dropped_process
                0x0000000000001b54       0x58 C:\Users\junqu\Documents\GitHub\atividade-comunica-o-2-arthur\.pio\build\frdm_kl25z\zephyr/libzephyr.a(log_output.c.o)
                0x0000000000001b54                log_output_dropped_process
 .text.log_output_timestamp_freq_set
                0x0000000000001bac       0x34 C:\Users\junqu\Documents\GitHub\atividade-comunica-o-2-arthur\.pio\build\frdm_kl25z\zephyr/libzephyr.a(log_output.c.o)
                0x0000000000001bac                log_output_timestamp_freq_set
 .text.char_out
                0x0000000000001be0       0x24 C:\Users\junqu\Documents\GitHub\atividade-comunica-o-2-arthur\.pio\build\frdm_kl25z\zephyr/libzephyr.a(log_backend_uart.c.o)
 .text.z_arm_fatal_error
                0x0000000000001c04       0xbc C:\Users\junqu\Documents\GitHub\atividade-comunica-o-2-arthur\.pio\build\frdm_kl25z\zephyr/arch/arch/arm/core/libarch__arm__core.a(fatal.c.o)
                0x0000000000001c04                z_arm_fatal_error
 .text.z_SysNmiOnReset
                0x0000000000001cc0        0x4 C:\Users\junqu\Documents\GitHub\atividade-comunica-o-2-arthur\.pio\build\frdm_kl25z\zephyr/arch/arch/arm/core/libarch__arm__core.a(nmi_on_reset.S.o)
                0x0000000000001cc0                z_SysNmiOnReset
 .text._HandlerModeExit
                0x0000000000001cc4       0x20 C:\Users\junqu\Documents\GitHub\atividade-comunica-o-2-arthur\.pio\build\frdm_kl25z\zephyr/arch/arch/arm/core/cortex_m/libarch__arm__core__cortex_m.a(exc_exit.c.o)
                0x0000000000001cc4                z_arm_int_exit
                0x0000000000001cc4                z_arm_exc_exit
 .text.z_arm_fault
                0x0000000000001ce4      0x144 C:\Users\junqu\Documents\GitHub\atividade-comunica-o-2-arthur\.pio\build\frdm_kl25z\zephyr/arch/arch/arm/core/cortex_m/libarch__arm__core__cortex_m.a(fault.c.o)
                0x0000000000001ce4                z_arm_fault
 .text.z_arm_fault_init
                0x0000000000001e28       0x10 C:\Users\junqu\Documents\GitHub\atividade-comunica-o-2-arthur\.pio\build\frdm_kl25z\zephyr/arch/arch/arm/core/cortex_m/libarch__arm__core__cortex_m.a(fault.c.o)
                0x0000000000001e28                z_arm_fault_init
 .text.__fault  0x0000000000001e38       0x14 C:\Users\junqu\Documents\GitHub\atividade-comunica-o-2-arthur\.pio\build\frdm_kl25z\zephyr/arch/arch/arm/core/cortex_m/libarch__arm__core__cortex_m.a(fault_s.S.o)
                0x0000000000001e38                z_arm_hard_fault
                0x0000000000001e38                z_arm_exc_spurious
 .text._reset_section
                0x0000000000001e4c       0x38 C:\Users\junqu\Documents\GitHub\atividade-comunica-o-2-arthur\.pio\build\frdm_kl25z\zephyr/arch/arch/arm/core/cortex_m/libarch__arm__core__cortex_m.a(reset.S.o)
                0x0000000000001e4c                __start
                0x0000000000001e4c                z_arm_reset
 .text.z_impl_k_thread_abort
                0x0000000000001e84       0x38 C:\Users\junqu\Documents\GitHub\atividade-comunica-o-2-arthur\.pio\build\frdm_kl25z\zephyr/arch/arch/arm/core/cortex_m/libarch__arm__core__cortex_m.a(thread_abort.c.o)
                0x0000000000001e84                z_impl_k_thread_abort
 .text.z_arm_pendsv
                0x0000000000001ebc       0x60 C:\Users\junqu\Documents\GitHub\atividade-comunica-o-2-arthur\.pio\build\frdm_kl25z\zephyr/arch/arch/arm/core/cortex_m/libarch__arm__core__cortex_m.a(swap_helper.S.o)
                0x0000000000001ebc                z_arm_pendsv
 .text.z_arm_svc
                0x0000000000001f1c       0x28 C:\Users\junqu\Documents\GitHub\atividade-comunica-o-2-arthur\.pio\build\frdm_kl25z\zephyr/arch/arch/arm/core/cortex_m/libarch__arm__core__cortex_m.a(swap_helper.S.o)
                0x0000000000001f1c                z_arm_svc
 .text.__NVIC_SetPriority
                0x0000000000001f44       0x54 C:\Users\junqu\Documents\GitHub\atividade-comunica-o-2-arthur\.pio\build\frdm_kl25z\zephyr/arch/arch/arm/core/cortex_m/libarch__arm__core__cortex_m.a(irq_manage.c.o)
 .text.arm_irq_enable
                0x0000000000001f98       0x18 C:\Users\junqu\Documents\GitHub\atividade-comunica-o-2-arthur\.pio\build\frdm_kl25z\zephyr/arch/arch/arm/core/cortex_m/libarch__arm__core__cortex_m.a(irq_manage.c.o)
                0x0000000000001f98                arm_irq_enable
 .text.relocate_vector_table
                0x0000000000001fb0       0x1c C:\Users\junqu\Documents\GitHub\atividade-comunica-o-2-arthur\.pio\build\frdm_kl25z\zephyr/arch/arch/arm/core/cortex_m/libarch__arm__core__cortex_m.a(prep_c.c.o)
                0x0000000000001fb0                relocate_vector_table
 .text.arch_new_thread
                0x0000000000001fcc       0x2c C:\Users\junqu\Documents\GitHub\atividade-comunica-o-2-arthur\.pio\build\frdm_kl25z\zephyr/arch/arch/arm/core/cortex_m/libarch__arm__core__cortex_m.a(thread.c.o)
                0x0000000000001fcc                arch_new_thread
 .text.arch_switch_to_main_thread
                0x0000000000001ff8       0x34 C:\Users\junqu\Documents\GitHub\atividade-comunica-o-2-arthur\.pio\build\frdm_kl25z\zephyr/arch/arch/arm/core/cortex_m/libarch__arm__core__cortex_m.a(thread.c.o)
                0x0000000000001ff8                arch_switch_to_main_thread
 .text.z_arm_cpu_idle_init
                0x000000000000202c        0xc C:\Users\junqu\Documents\GitHub\atividade-comunica-o-2-arthur\.pio\build\frdm_kl25z\zephyr/arch/arch/arm/core/cortex_m/libarch__arm__core__cortex_m.a(cpu_idle.c.o)
                0x000000000000202c                z_arm_cpu_idle_init
 .text.z_arm_interrupt_init
                0x0000000000002038       0x30 C:\Users\junqu\Documents\GitHub\atividade-comunica-o-2-arthur\.pio\build\frdm_kl25z\zephyr/arch/arch/arm/core/cortex_m/libarch__arm__core__cortex_m.a(irq_init.c.o)
                0x0000000000002038                z_arm_interrupt_init
 .text._isr_wrapper
                0x0000000000002068       0x20 C:\Users\junqu\Documents\GitHub\atividade-comunica-o-2-arthur\.pio\build\frdm_kl25z\zephyr/arch/arch/arm/core/cortex_m/libarch__arm__core__cortex_m.a(isr_wrapper.c.o)
                0x0000000000002068                _isr_wrapper
 .text.cbvprintf
                0x0000000000002088       0x38 C:\Users\junqu\Documents\GitHub\atividade-comunica-o-2-arthur\.pio\build\frdm_kl25z\zephyr/lib/libc/picolibc/liblib__libc__picolibc.a(cbprintf.c.o)
                0x0000000000002088                cbvprintf
 .text.z_impl_zephyr_fputc
                0x00000000000020c0       0x10 C:\Users\junqu\Documents\GitHub\atividade-comunica-o-2-arthur\.pio\build\frdm_kl25z\zephyr/lib/libc/picolibc/liblib__libc__picolibc.a(stdio.c.o)
                0x00000000000020c0                z_impl_zephyr_fputc
 .text.__stdout_hook_install
                0x00000000000020d0       0x18 C:\Users\junqu\Documents\GitHub\atividade-comunica-o-2-arthur\.pio\build\frdm_kl25z\zephyr/lib/libc/picolibc/liblib__libc__picolibc.a(stdio.c.o)
                0x00000000000020d0                __stdout_hook_install
 .text.malloc_prepare
                0x00000000000020e8       0x24 C:\Users\junqu\Documents\GitHub\atividade-comunica-o-2-arthur\.pio\build\frdm_kl25z\zephyr/lib/libc/common/liblib__libc__common.a(malloc.c.o)
 .text.mcux_mcg_get_rate.part.0
                0x000000000000210c       0x1c C:\Users\junqu\Documents\GitHub\atividade-comunica-o-2-arthur\.pio\build\frdm_kl25z\zephyr/drivers/clock_control/libdrivers__clock_control.a(clock_control_mcux_mcg.c.o)
 .text.mcux_sim_on
                0x0000000000002128       0x1c C:\Users\junqu\Documents\GitHub\atividade-comunica-o-2-arthur\.pio\build\frdm_kl25z\zephyr/drivers/clock_control/libdrivers__clock_control.a(clock_control_mcux_sim.c.o)
 .text.mcux_sim_off
                0x0000000000002144       0x1c C:\Users\junqu\Documents\GitHub\atividade-comunica-o-2-arthur\.pio\build\frdm_kl25z\zephyr/drivers/clock_control/libdrivers__clock_control.a(clock_control_mcux_sim.c.o)
 .text.mcux_sim_get_subsys_rate
                0x0000000000002160       0x30 C:\Users\junqu\Documents\GitHub\atividade-comunica-o-2-arthur\.pio\build\frdm_kl25z\zephyr/drivers/clock_control/libdrivers__clock_control.a(clock_control_mcux_sim.c.o)
 .text.uart_console_init
                0x0000000000002190       0x2c C:\Users\junqu\Documents\GitHub\atividade-comunica-o-2-arthur\.pio\build\frdm_kl25z\zephyr/drivers/console/libdrivers__console.a(uart_console.c.o)
 .text.console_out
                0x00000000000021bc       0x28 C:\Users\junqu\Documents\GitHub\atividade-comunica-o-2-arthur\.pio\build\frdm_kl25z\zephyr/drivers/console/libdrivers__console.a(uart_console.c.o)
 .text.gpio_mcux_port_configure
                0x00000000000021e4       0xa0 C:\Users\junqu\Documents\GitHub\atividade-comunica-o-2-arthur\.pio\build\frdm_kl25z\zephyr/drivers/gpio/libdrivers__gpio.a(gpio_mcux.c.o)
 .text.gpio_mcux_pin_interrupt_configure
                0x0000000000002284       0x88 C:\Users\junqu\Documents\GitHub\atividade-comunica-o-2-arthur\.pio\build\frdm_kl25z\zephyr/drivers/gpio/libdrivers__gpio.a(gpio_mcux.c.o)
 .text.i2c_mcux_configure
                0x000000000000230c       0x58 C:\Users\junqu\Documents\GitHub\atividade-comunica-o-2-arthur\.pio\build\frdm_kl25z\zephyr/drivers/i2c/libdrivers__i2c.a(i2c_mcux.c.o)
 .text.i2c_mcux_init
                0x0000000000002364       0xd8 C:\Users\junqu\Documents\GitHub\atividade-comunica-o-2-arthur\.pio\build\frdm_kl25z\zephyr/drivers/i2c/libdrivers__i2c.a(i2c_mcux.c.o)
 .text.pinctrl_mcux_init.part.0
                0x000000000000243c       0x1c C:\Users\junqu\Documents\GitHub\atividade-comunica-o-2-arthur\.pio\build\frdm_kl25z\zephyr/drivers/pinctrl/libdrivers__pinctrl.a(pinctrl_nxp_port.c.o)
 .text.pinctrl_mcux_init
                0x0000000000002458       0x44 C:\Users\junqu\Documents\GitHub\atividade-comunica-o-2-arthur\.pio\build\frdm_kl25z\zephyr/drivers/pinctrl/libdrivers__pinctrl.a(pinctrl_nxp_port.c.o)
 .text.pinctrl_configure_pins
                0x000000000000249c       0x44 C:\Users\junqu\Documents\GitHub\atividade-comunica-o-2-arthur\.pio\build\frdm_kl25z\zephyr/drivers/pinctrl/libdrivers__pinctrl.a(pinctrl_nxp_port.c.o)
                0x000000000000249c                pinctrl_configure_pins
 .text.fxos8700_get_power.part.3
                0x00000000000024e0       0x18 C:\Users\junqu\Documents\GitHub\atividade-comunica-o-2-arthur\.pio\build\frdm_kl25z\zephyr/drivers/sensor/nxp/fxos8700/libdrivers__sensor__nxp__fxos8700.a(fxos8700.c.o)
 .text.fxos8700_channel_get
                0x00000000000024f8      0x148 C:\Users\junqu\Documents\GitHub\atividade-comunica-o-2-arthur\.pio\build\frdm_kl25z\zephyr/drivers/sensor/nxp/fxos8700/libdrivers__sensor__nxp__fxos8700.a(fxos8700.c.o)
 .text.fxos8700_sample_fetch
                0x0000000000002640       0x88 C:\Users\junqu\Documents\GitHub\atividade-comunica-o-2-arthur\.pio\build\frdm_kl25z\zephyr/drivers/sensor/nxp/fxos8700/libdrivers__sensor__nxp__fxos8700.a(fxos8700.c.o)
 .text.fxos8700_set_odr
                0x00000000000026c8       0xdc C:\Users\junqu\Documents\GitHub\atividade-comunica-o-2-arthur\.pio\build\frdm_kl25z\zephyr/drivers/sensor/nxp/fxos8700/libdrivers__sensor__nxp__fxos8700.a(fxos8700.c.o)
 .text.fxos8700_init
                0x00000000000027a4      0x1d4 C:\Users\junqu\Documents\GitHub\atividade-comunica-o-2-arthur\.pio\build\frdm_kl25z\zephyr/drivers/sensor/nxp/fxos8700/libdrivers__sensor__nxp__fxos8700.a(fxos8700.c.o)
 .text.elapsed  0x0000000000002978       0x40 C:\Users\junqu\Documents\GitHub\atividade-comunica-o-2-arthur\.pio\build\frdm_kl25z\zephyr/drivers/timer/libdrivers__timer.a(cortex_m_systick.c.o)
 .text.sys_clock_driver_init
                0x00000000000029b8       0x40 C:\Users\junqu\Documents\GitHub\atividade-comunica-o-2-arthur\.pio\build\frdm_kl25z\zephyr/drivers/timer/libdrivers__timer.a(cortex_m_systick.c.o)
 .text.sys_clock_isr
                0x00000000000029f8       0x44 C:\Users\junqu\Documents\GitHub\atividade-comunica-o-2-arthur\.pio\build\frdm_kl25z\zephyr/drivers/timer/libdrivers__timer.a(cortex_m_systick.c.o)
                0x00000000000029f8                sys_clock_isr
 .text.sys_clock_set_timeout
                0x0000000000002a3c       0xf8 C:\Users\junqu\Documents\GitHub\atividade-comunica-o-2-arthur\.pio\build\frdm_kl25z\zephyr/drivers/timer/libdrivers__timer.a(cortex_m_systick.c.o)
                0x0000000000002a3c                sys_clock_set_timeout
 .text.sys_clock_elapsed
                0x0000000000002b34       0x34 C:\Users\junqu\Documents\GitHub\atividade-comunica-o-2-arthur\.pio\build\frdm_kl25z\zephyr/drivers/timer/libdrivers__timer.a(cortex_m_systick.c.o)
                0x0000000000002b34                sys_clock_elapsed
 .text.sys_clock_cycle_get_32
                0x0000000000002b68       0x24 C:\Users\junqu\Documents\GitHub\atividade-comunica-o-2-arthur\.pio\build\frdm_kl25z\zephyr/drivers/timer/libdrivers__timer.a(cortex_m_systick.c.o)
                0x0000000000002b68                sys_clock_cycle_get_32
 .text.CLOCK_GetFllExtRefClkFreq
                0x0000000000002b8c       0x3c C:\Users\junqu\Documents\GitHub\atividade-comunica-o-2-arthur\.pio\build\frdm_kl25z\modules/hal_nxp/libmodules__hal_nxp.a(fsl_clock.c.o)
 .text.CLOCK_GetInternalRefClkSelectFreq
                0x0000000000002bc8       0x28 C:\Users\junqu\Documents\GitHub\atividade-comunica-o-2-arthur\.pio\build\frdm_kl25z\modules/hal_nxp/libmodules__hal_nxp.a(fsl_clock.c.o)
 .text.CLOCK_GetOsc0ErClkFreq
                0x0000000000002bf0       0x1c C:\Users\junqu\Documents\GitHub\atividade-comunica-o-2-arthur\.pio\build\frdm_kl25z\modules/hal_nxp/libmodules__hal_nxp.a(fsl_clock.c.o)
                0x0000000000002bf0                CLOCK_GetOsc0ErClkFreq
 .text.CLOCK_GetEr32kClkFreq
                0x0000000000002c0c       0x40 C:\Users\junqu\Documents\GitHub\atividade-comunica-o-2-arthur\.pio\build\frdm_kl25z\modules/hal_nxp/libmodules__hal_nxp.a(fsl_clock.c.o)
                0x0000000000002c0c                CLOCK_GetEr32kClkFreq
 .text.CLOCK_SetSimConfig
                0x0000000000002c4c       0x4c C:\Users\junqu\Documents\GitHub\atividade-comunica-o-2-arthur\.pio\build\frdm_kl25z\modules/hal_nxp/libmodules__hal_nxp.a(fsl_clock.c.o)
                0x0000000000002c4c                CLOCK_SetSimConfig
 .text.CLOCK_GetFllFreq
                0x0000000000002c98       0x4c C:\Users\junqu\Documents\GitHub\atividade-comunica-o-2-arthur\.pio\build\frdm_kl25z\modules/hal_nxp/libmodules__hal_nxp.a(fsl_clock.c.o)
                0x0000000000002c98                CLOCK_GetFllFreq
 .text.CLOCK_GetInternalRefClkFreq
                0x0000000000002ce4       0x18 C:\Users\junqu\Documents\GitHub\atividade-comunica-o-2-arthur\.pio\build\frdm_kl25z\modules/hal_nxp/libmodules__hal_nxp.a(fsl_clock.c.o)
                0x0000000000002ce4                CLOCK_GetInternalRefClkFreq
 .text.CLOCK_GetPll0Freq
                0x0000000000002cfc       0x30 C:\Users\junqu\Documents\GitHub\atividade-comunica-o-2-arthur\.pio\build\frdm_kl25z\modules/hal_nxp/libmodules__hal_nxp.a(fsl_clock.c.o)
                0x0000000000002cfc                CLOCK_GetPll0Freq
 .text.CLOCK_GetPllFllSelClkFreq
                0x0000000000002d2c       0x24 C:\Users\junqu\Documents\GitHub\atividade-comunica-o-2-arthur\.pio\build\frdm_kl25z\modules/hal_nxp/libmodules__hal_nxp.a(fsl_clock.c.o)
                0x0000000000002d2c                CLOCK_GetPllFllSelClkFreq
 .text.CLOCK_GetOutClkFreq
                0x0000000000002d50       0x38 C:\Users\junqu\Documents\GitHub\atividade-comunica-o-2-arthur\.pio\build\frdm_kl25z\modules/hal_nxp/libmodules__hal_nxp.a(fsl_clock.c.o)
                0x0000000000002d50                CLOCK_GetOutClkFreq
 .text.CLOCK_GetFixedFreqClkFreq
                0x0000000000002d88       0x34 C:\Users\junqu\Documents\GitHub\atividade-comunica-o-2-arthur\.pio\build\frdm_kl25z\modules/hal_nxp/libmodules__hal_nxp.a(fsl_clock.c.o)
                0x0000000000002d88                CLOCK_GetFixedFreqClkFreq
 .text.CLOCK_GetFreq
                0x0000000000002dbc       0x84 C:\Users\junqu\Documents\GitHub\atividade-comunica-o-2-arthur\.pio\build\frdm_kl25z\modules/hal_nxp/libmodules__hal_nxp.a(fsl_clock.c.o)
                0x0000000000002dbc                CLOCK_GetFreq
 .text.CLOCK_SetInternalRefClkConfig
                0x0000000000002e40       0x74 C:\Users\junqu\Documents\GitHub\atividade-comunica-o-2-arthur\.pio\build\frdm_kl25z\modules/hal_nxp/libmodules__hal_nxp.a(fsl_clock.c.o)
                0x0000000000002e40                CLOCK_SetInternalRefClkConfig
 .text.CLOCK_EnablePll0
                0x0000000000002eb4       0x30 C:\Users\junqu\Documents\GitHub\atividade-comunica-o-2-arthur\.pio\build\frdm_kl25z\modules/hal_nxp/libmodules__hal_nxp.a(fsl_clock.c.o)
                0x0000000000002eb4                CLOCK_EnablePll0
 .text.CLOCK_InitOsc0
                0x0000000000002ee4       0x6c C:\Users\junqu\Documents\GitHub\atividade-comunica-o-2-arthur\.pio\build\frdm_kl25z\modules/hal_nxp/libmodules__hal_nxp.a(fsl_clock.c.o)
                0x0000000000002ee4                CLOCK_InitOsc0
 .text.CLOCK_SetPbeMode
                0x0000000000002f50       0x50 C:\Users\junqu\Documents\GitHub\atividade-comunica-o-2-arthur\.pio\build\frdm_kl25z\modules/hal_nxp/libmodules__hal_nxp.a(fsl_clock.c.o)
                0x0000000000002f50                CLOCK_SetPbeMode
 .text.CLOCK_BootToPeeMode
                0x0000000000002fa0       0x2c C:\Users\junqu\Documents\GitHub\atividade-comunica-o-2-arthur\.pio\build\frdm_kl25z\modules/hal_nxp/libmodules__hal_nxp.a(fsl_clock.c.o)
                0x0000000000002fa0                CLOCK_BootToPeeMode
 .text.SystemInit
                0x0000000000002fcc       0x10 C:\Users\junqu\Documents\GitHub\atividade-comunica-o-2-arthur\.pio\build\frdm_kl25z\modules/hal_nxp/libmodules__hal_nxp.a(system_MKL25Z4.c.o)
                0x0000000000002fcc                SystemInit
 .text.I2C_CheckAndClearError
                0x0000000000002fdc       0x28 C:\Users\junqu\Documents\GitHub\atividade-comunica-o-2-arthur\.pio\build\frdm_kl25z\modules/hal_nxp/libmodules__hal_nxp.a(fsl_i2c.c.o)
 .text.I2C_GetInstance.part.1
                0x0000000000003004       0x20 C:\Users\junqu\Documents\GitHub\atividade-comunica-o-2-arthur\.pio\build\frdm_kl25z\modules/hal_nxp/libmodules__hal_nxp.a(fsl_i2c.c.o)
 .text.I2C_MasterGetDefaultConfig
                0x0000000000003024       0x20 C:\Users\junqu\Documents\GitHub\atividade-comunica-o-2-arthur\.pio\build\frdm_kl25z\modules/hal_nxp/libmodules__hal_nxp.a(fsl_i2c.c.o)
                0x0000000000003024                I2C_MasterGetDefaultConfig
 .text.I2C_MasterSetBaudRate
                0x0000000000003044       0x68 C:\Users\junqu\Documents\GitHub\atividade-comunica-o-2-arthur\.pio\build\frdm_kl25z\modules/hal_nxp/libmodules__hal_nxp.a(fsl_i2c.c.o)
                0x0000000000003044                I2C_MasterSetBaudRate
 .text.I2C_MasterInit
                0x00000000000030ac       0x80 C:\Users\junqu\Documents\GitHub\atividade-comunica-o-2-arthur\.pio\build\frdm_kl25z\modules/hal_nxp/libmodules__hal_nxp.a(fsl_i2c.c.o)
                0x00000000000030ac                I2C_MasterInit
 .text.I2C_MasterStart
                0x000000000000312c       0x34 C:\Users\junqu\Documents\GitHub\atividade-comunica-o-2-arthur\.pio\build\frdm_kl25z\modules/hal_nxp/libmodules__hal_nxp.a(fsl_i2c.c.o)
                0x000000000000312c                I2C_MasterStart
 .text.I2C_MasterRepeatedStart
                0x0000000000003160       0x54 C:\Users\junqu\Documents\GitHub\atividade-comunica-o-2-arthur\.pio\build\frdm_kl25z\modules/hal_nxp/libmodules__hal_nxp.a(fsl_i2c.c.o)
                0x0000000000003160                I2C_MasterRepeatedStart
 .text.I2C_MasterTransferHandleIRQ
                0x00000000000031b4      0x19c C:\Users\junqu\Documents\GitHub\atividade-comunica-o-2-arthur\.pio\build\frdm_kl25z\modules/hal_nxp/libmodules__hal_nxp.a(fsl_i2c.c.o)
                0x00000000000031b4                I2C_MasterTransferHandleIRQ
 .text.I2C_MasterTransferCreateHandle
                0x0000000000003350       0x54 C:\Users\junqu\Documents\GitHub\atividade-comunica-o-2-arthur\.pio\build\frdm_kl25z\modules/hal_nxp/libmodules__hal_nxp.a(fsl_i2c.c.o)
                0x0000000000003350                I2C_MasterTransferCreateHandle
 .text.I2C_MasterTransferNonBlocking
                0x00000000000033a4       0x94 C:\Users\junqu\Documents\GitHub\atividade-comunica-o-2-arthur\.pio\build\frdm_kl25z\modules/hal_nxp/libmodules__hal_nxp.a(fsl_i2c.c.o)
                0x00000000000033a4                I2C_MasterTransferNonBlocking
 .text.I2C_MasterTransferAbort
                0x0000000000003438       0x58 C:\Users\junqu\Documents\GitHub\atividade-comunica-o-2-arthur\.pio\build\frdm_kl25z\modules/hal_nxp/libmodules__hal_nxp.a(fsl_i2c.c.o)
                0x0000000000003438                I2C_MasterTransferAbort
 .text.LPSCI_Init
                0x0000000000003490      0x134 C:\Users\junqu\Documents\GitHub\atividade-comunica-o-2-arthur\.pio\build\frdm_kl25z\modules/hal_nxp/libmodules__hal_nxp.a(fsl_lpsci.c.o)
                0x0000000000003490                LPSCI_Init
 .text.LPSCI_EnableInterrupts
                0x00000000000035c4       0x24 C:\Users\junqu\Documents\GitHub\atividade-comunica-o-2-arthur\.pio\build\frdm_kl25z\modules/hal_nxp/libmodules__hal_nxp.a(fsl_lpsci.c.o)
                0x00000000000035c4                LPSCI_EnableInterrupts
 .text.LPSCI_DisableInterrupts
                0x00000000000035e8       0x20 C:\Users\junqu\Documents\GitHub\atividade-comunica-o-2-arthur\.pio\build\frdm_kl25z\modules/hal_nxp/libmodules__hal_nxp.a(fsl_lpsci.c.o)
                0x00000000000035e8                LPSCI_DisableInterrupts
 .text.LPSCI_GetEnabledInterrupts
                0x0000000000003608       0x18 C:\Users\junqu\Documents\GitHub\atividade-comunica-o-2-arthur\.pio\build\frdm_kl25z\modules/hal_nxp/libmodules__hal_nxp.a(fsl_lpsci.c.o)
                0x0000000000003608                LPSCI_GetEnabledInterrupts
 .text.LPSCI_ClearStatusFlags
                0x0000000000003620       0x54 C:\Users\junqu\Documents\GitHub\atividade-comunica-o-2-arthur\.pio\build\frdm_kl25z\modules/hal_nxp/libmodules__hal_nxp.a(fsl_lpsci.c.o)
                0x0000000000003620                LPSCI_ClearStatusFlags
 .text.k_sys_fatal_error_handler
                0x0000000000003674       0x20 C:\Users\junqu\Documents\GitHub\atividade-comunica-o-2-arthur\.pio\build\frdm_kl25z\zephyr/kernel/libkernel.a(fatal.c.o)
                0x0000000000003674                k_sys_fatal_error_handler
 .text.z_fatal_error
                0x0000000000003694       0xf0 C:\Users\junqu\Documents\GitHub\atividade-comunica-o-2-arthur\.pio\build\frdm_kl25z\zephyr/kernel/libkernel.a(fatal.c.o)
                0x0000000000003694                z_fatal_error
 .text.z_sys_init_run_level
                0x0000000000003784       0x34 C:\Users\junqu\Documents\GitHub\atividade-comunica-o-2-arthur\.pio\build\frdm_kl25z\zephyr/kernel/libkernel.a(init.c.o)
 .text.bg_thread_main
                0x00000000000037b8       0xa8 C:\Users\junqu\Documents\GitHub\atividade-comunica-o-2-arthur\.pio\build\frdm_kl25z\zephyr/kernel/libkernel.a(init.c.o)
 .text.z_bss_zero
                0x0000000000003860       0x18 C:\Users\junqu\Documents\GitHub\atividade-comunica-o-2-arthur\.pio\build\frdm_kl25z\zephyr/kernel/libkernel.a(init.c.o)
                0x0000000000003860                z_bss_zero
 .text.z_init_cpu
                0x0000000000003878       0x68 C:\Users\junqu\Documents\GitHub\atividade-comunica-o-2-arthur\.pio\build\frdm_kl25z\zephyr/kernel/libkernel.a(init.c.o)
                0x0000000000003878                z_init_cpu
 .text.z_cstart
                0x00000000000038e0       0xbc C:\Users\junqu\Documents\GitHub\atividade-comunica-o-2-arthur\.pio\build\frdm_kl25z\zephyr/kernel/libkernel.a(init.c.o)
                0x00000000000038e0                z_cstart
 .text.z_impl_k_msgq_put
                0x000000000000399c       0xac C:\Users\junqu\Documents\GitHub\atividade-comunica-o-2-arthur\.pio\build\frdm_kl25z\zephyr/kernel/libkernel.a(msg_q.c.o)
                0x000000000000399c                z_impl_k_msgq_put
 .text.z_impl_k_msgq_get
                0x0000000000003a48       0xb8 C:\Users\junqu\Documents\GitHub\atividade-comunica-o-2-arthur\.pio\build\frdm_kl25z\zephyr/kernel/libkernel.a(msg_q.c.o)
                0x0000000000003a48                z_impl_k_msgq_get
 .text.z_impl_k_sem_give
                0x0000000000003b00       0x64 C:\Users\junqu\Documents\GitHub\atividade-comunica-o-2-arthur\.pio\build\frdm_kl25z\zephyr/kernel/libkernel.a(sem.c.o)
                0x0000000000003b00                z_impl_k_sem_give
 .text.z_impl_k_sem_take
                0x0000000000003b64       0x54 C:\Users\junqu\Documents\GitHub\atividade-comunica-o-2-arthur\.pio\build\frdm_kl25z\zephyr/kernel/libkernel.a(sem.c.o)
                0x0000000000003b64                z_impl_k_sem_take
 .text.z_setup_new_thread
                0x0000000000003bb8       0x58 C:\Users\junqu\Documents\GitHub\atividade-comunica-o-2-arthur\.pio\build\frdm_kl25z\zephyr/kernel/libkernel.a(thread.c.o)
                0x0000000000003bb8                z_setup_new_thread
 .text.z_impl_k_thread_create
                0x0000000000003c10       0x58 C:\Users\junqu\Documents\GitHub\atividade-comunica-o-2-arthur\.pio\build\frdm_kl25z\zephyr/kernel/libkernel.a(thread.c.o)
                0x0000000000003c10                z_impl_k_thread_create
 .text.z_dummy_thread_init
                0x0000000000003c68       0x14 C:\Users\junqu\Documents\GitHub\atividade-comunica-o-2-arthur\.pio\build\frdm_kl25z\zephyr/kernel/libkernel.a(thread.c.o)
                0x0000000000003c68                z_dummy_thread_init
 .text.z_swap_irqlock
                0x0000000000003c7c       0x2c C:\Users\junqu\Documents\GitHub\atividade-comunica-o-2-arthur\.pio\build\frdm_kl25z\zephyr/kernel/libkernel.a(sched.c.o)
 .text.unready_thread
                0x0000000000003ca8       0x58 C:\Users\junqu\Documents\GitHub\atividade-comunica-o-2-arthur\.pio\build\frdm_kl25z\zephyr/kernel/libkernel.a(sched.c.o)
 .text.add_thread_timeout
                0x0000000000003d00       0x18 C:\Users\junqu\Documents\GitHub\atividade-comunica-o-2-arthur\.pio\build\frdm_kl25z\zephyr/kernel/libkernel.a(sched.c.o)
 .text.ready_thread
                0x0000000000003d18       0x94 C:\Users\junqu\Documents\GitHub\atividade-comunica-o-2-arthur\.pio\build\frdm_kl25z\zephyr/kernel/libkernel.a(sched.c.o)
 .text.move_thread_to_end_of_prio_q
                0x0000000000003dac       0xa0 C:\Users\junqu\Documents\GitHub\atividade-comunica-o-2-arthur\.pio\build\frdm_kl25z\zephyr/kernel/libkernel.a(sched.c.o)
                0x0000000000003dac                move_thread_to_end_of_prio_q
 .text.z_pend_curr
                0x0000000000003e4c       0x38 C:\Users\junqu\Documents\GitHub\atividade-comunica-o-2-arthur\.pio\build\frdm_kl25z\zephyr/kernel/libkernel.a(sched.c.o)
                0x0000000000003e4c                z_pend_curr
 .text.z_reschedule
                0x0000000000003e84       0x2c C:\Users\junqu\Documents\GitHub\atividade-comunica-o-2-arthur\.pio\build\frdm_kl25z\zephyr/kernel/libkernel.a(sched.c.o)
                0x0000000000003e84                z_reschedule
 .text.z_reschedule_irqlock
                0x0000000000003eb0       0x2c C:\Users\junqu\Documents\GitHub\atividade-comunica-o-2-arthur\.pio\build\frdm_kl25z\zephyr/kernel/libkernel.a(sched.c.o)
                0x0000000000003eb0                z_reschedule_irqlock
 .text.k_sched_lock
                0x0000000000003edc       0x20 C:\Users\junqu\Documents\GitHub\atividade-comunica-o-2-arthur\.pio\build\frdm_kl25z\zephyr/kernel/libkernel.a(sched.c.o)
                0x0000000000003edc                k_sched_lock
 .text.k_sched_unlock
                0x0000000000003efc       0x60 C:\Users\junqu\Documents\GitHub\atividade-comunica-o-2-arthur\.pio\build\frdm_kl25z\zephyr/kernel/libkernel.a(sched.c.o)
                0x0000000000003efc                k_sched_unlock
 .text.z_sched_init
                0x0000000000003f5c       0x14 C:\Users\junqu\Documents\GitHub\atividade-comunica-o-2-arthur\.pio\build\frdm_kl25z\zephyr/kernel/libkernel.a(sched.c.o)
                0x0000000000003f5c                z_sched_init
 .text.z_impl_k_yield
                0x0000000000003f70       0x84 C:\Users\junqu\Documents\GitHub\atividade-comunica-o-2-arthur\.pio\build\frdm_kl25z\zephyr/kernel/libkernel.a(sched.c.o)
                0x0000000000003f70                z_impl_k_yield
 .text.z_tick_sleep
                0x0000000000003ff4       0x74 C:\Users\junqu\Documents\GitHub\atividade-comunica-o-2-arthur\.pio\build\frdm_kl25z\zephyr/kernel/libkernel.a(sched.c.o)
 .text.z_impl_k_sleep
                0x0000000000004068       0x4c C:\Users\junqu\Documents\GitHub\atividade-comunica-o-2-arthur\.pio\build\frdm_kl25z\zephyr/kernel/libkernel.a(sched.c.o)
                0x0000000000004068                z_impl_k_sleep
 .text.z_impl_k_wakeup
                0x00000000000040b4       0x40 C:\Users\junqu\Documents\GitHub\atividade-comunica-o-2-arthur\.pio\build\frdm_kl25z\zephyr/kernel/libkernel.a(sched.c.o)
                0x00000000000040b4                z_impl_k_wakeup
 .text.z_impl_k_sched_current_thread_query
                0x00000000000040f4        0xc C:\Users\junqu\Documents\GitHub\atividade-comunica-o-2-arthur\.pio\build\frdm_kl25z\zephyr/kernel/libkernel.a(sched.c.o)
                0x00000000000040f4                z_impl_k_sched_current_thread_query
 .text.z_thread_abort
                0x0000000000004100      0x128 C:\Users\junqu\Documents\GitHub\atividade-comunica-o-2-arthur\.pio\build\frdm_kl25z\zephyr/kernel/libkernel.a(sched.c.o)
                0x0000000000004100                z_thread_abort
 .text.slice_timeout
                0x0000000000004228       0x20 C:\Users\junqu\Documents\GitHub\atividade-comunica-o-2-arthur\.pio\build\frdm_kl25z\zephyr/kernel/libkernel.a(timeslicing.c.o)
 .text.thread_is_sliceable
                0x0000000000004248       0x40 C:\Users\junqu\Documents\GitHub\atividade-comunica-o-2-arthur\.pio\build\frdm_kl25z\zephyr/kernel/libkernel.a(timeslicing.c.o)
                0x0000000000004248                thread_is_sliceable
 .text.z_reset_time_slice
                0x0000000000004288       0x4c C:\Users\junqu\Documents\GitHub\atividade-comunica-o-2-arthur\.pio\build\frdm_kl25z\zephyr/kernel/libkernel.a(timeslicing.c.o)
                0x0000000000004288                z_reset_time_slice
 .text.z_time_slice
                0x00000000000042d4       0x58 C:\Users\junqu\Documents\GitHub\atividade-comunica-o-2-arthur\.pio\build\frdm_kl25z\zephyr/kernel/libkernel.a(timeslicing.c.o)
                0x00000000000042d4                z_time_slice
 .text.z_data_copy
                0x000000000000432c       0x34 C:\Users\junqu\Documents\GitHub\atividade-comunica-o-2-arthur\.pio\build\frdm_kl25z\zephyr/kernel/libkernel.a(xip.c.o)
                0x000000000000432c                z_data_copy
 .text.first    0x0000000000004360       0x10 C:\Users\junqu\Documents\GitHub\atividade-comunica-o-2-arthur\.pio\build\frdm_kl25z\zephyr/kernel/libkernel.a(timeout.c.o)
 .text.next_timeout
                0x0000000000004370       0x38 C:\Users\junqu\Documents\GitHub\atividade-comunica-o-2-arthur\.pio\build\frdm_kl25z\zephyr/kernel/libkernel.a(timeout.c.o)
 .text.elapsed  0x00000000000043a8       0x18 C:\Users\junqu\Documents\GitHub\atividade-comunica-o-2-arthur\.pio\build\frdm_kl25z\zephyr/kernel/libkernel.a(timeout.c.o)
 .text.remove_timeout
                0x00000000000043c0       0x38 C:\Users\junqu\Documents\GitHub\atividade-comunica-o-2-arthur\.pio\build\frdm_kl25z\zephyr/kernel/libkernel.a(timeout.c.o)
 .text.z_add_timeout
                0x00000000000043f8      0x120 C:\Users\junqu\Documents\GitHub\atividade-comunica-o-2-arthur\.pio\build\frdm_kl25z\zephyr/kernel/libkernel.a(timeout.c.o)
                0x00000000000043f8                z_add_timeout
 .text.sys_clock_announce
                0x0000000000004518       0xd0 C:\Users\junqu\Documents\GitHub\atividade-comunica-o-2-arthur\.pio\build\frdm_kl25z\zephyr/kernel/libkernel.a(timeout.c.o)
                0x0000000000004518                sys_clock_announce
 .text.sys_clock_tick_get
                0x00000000000045e8       0x30 C:\Users\junqu\Documents\GitHub\atividade-comunica-o-2-arthur\.pio\build\frdm_kl25z\zephyr/kernel/libkernel.a(timeout.c.o)
                0x00000000000045e8                sys_clock_tick_get
 .text.z_timer_expiration_handler
                0x0000000000004618      0x110 C:\Users\junqu\Documents\GitHub\atividade-comunica-o-2-arthur\.pio\build\frdm_kl25z\zephyr/kernel/libkernel.a(timer.c.o)
                0x0000000000004618                z_timer_expiration_handler
 .text.z_impl_k_timer_start
                0x0000000000004728       0x68 C:\Users\junqu\Documents\GitHub\atividade-comunica-o-2-arthur\.pio\build\frdm_kl25z\zephyr/kernel/libkernel.a(timer.c.o)
                0x0000000000004728                z_impl_k_timer_start
 .text.boot_banner
                0x0000000000004790       0x10 C:\Users\junqu\Documents\GitHub\atividade-comunica-o-2-arthur\.pio\build\frdm_kl25z\zephyr/kernel/libkernel.a(banner.c.o)
                0x0000000000004790                boot_banner
 .text.statics_init
                0x00000000000047a0       0x24 C:\Users\junqu\Documents\GitHub\atividade-comunica-o-2-arthur\.pio\build\frdm_kl25z\zephyr/kernel/libkernel.a(kheap.c.o)
 .text.snprintf
                0x00000000000047c4       0x54 C:\Users\junqu\Documents\GitHub\atividade-comunica-o-2-arthur\.pio\build\frdm_kl25z\modules\picolibc\libc.a(snprintf.c.o)
                0x00000000000047c4                snprintf
 .text.vfprintf
                0x0000000000004818      0x50c C:\Users\junqu\Documents\GitHub\atividade-comunica-o-2-arthur\.pio\build\frdm_kl25z\modules\picolibc\libc.a(vflprintf.c.o)
                0x0000000000004818                vfprintf
                0x0000000000004818                __l_vfprintf
 .text.__muldi3
                0x0000000000004d24       0x54 c:/users/junqu/.platformio/packages/toolchain-gccarmnoneeabi/bin/../lib/gcc/arm-none-eabi/8.2.1/thumb/v6-m/nofp\libgcc.a(_muldi3.o)
                0x0000000000004d24                __muldi3
                0x0000000000004d24                __aeabi_lmul
 .text.__udivmoddi4
                0x0000000000004d78      0x1a4 c:/users/junqu/.platformio/packages/toolchain-gccarmnoneeabi/bin/../lib/gcc/arm-none-eabi/8.2.1/thumb/v6-m/nofp\libgcc.a(_udivmoddi4.o)
                0x0000000000004d78                __udivmoddi4
 .text.chunk_size
                0x0000000000004f1c        0xa C:\Users\junqu\Documents\GitHub\atividade-comunica-o-2-arthur\.pio\build\frdm_kl25z\zephyr/libzephyr.a(heap.c.o)
 .text.free_list_add
                0x0000000000004f26       0x52 C:\Users\junqu\Documents\GitHub\atividade-comunica-o-2-arthur\.pio\build\frdm_kl25z\zephyr/libzephyr.a(heap.c.o)
 .text.sys_heap_init
                0x0000000000004f78       0x64 C:\Users\junqu\Documents\GitHub\atividade-comunica-o-2-arthur\.pio\build\frdm_kl25z\zephyr/libzephyr.a(heap.c.o)
                0x0000000000004f78                sys_heap_init
 .text.cbpprintf_external
                0x0000000000004fdc       0x6a C:\Users\junqu\Documents\GitHub\atividade-comunica-o-2-arthur\.pio\build\frdm_kl25z\zephyr/libzephyr.a(cbprintf_packaged.c.o)
                0x0000000000004fdc                cbpprintf_external
 .text.is_ptr   0x0000000000005046       0x40 C:\Users\junqu\Documents\GitHub\atividade-comunica-o-2-arthur\.pio\build\frdm_kl25z\zephyr/libzephyr.a(cbprintf_packaged.c.o)
                0x0000000000005046                is_ptr
 .text.arch_printk_char_out
                0x0000000000005086        0x4 C:\Users\junqu\Documents\GitHub\atividade-comunica-o-2-arthur\.pio\build\frdm_kl25z\zephyr/libzephyr.a(printk.c.o)
                0x0000000000005086                arch_printk_char_out
 .text.printk   0x000000000000508a       0x16 C:\Users\junqu\Documents\GitHub\atividade-comunica-o-2-arthur\.pio\build\frdm_kl25z\zephyr/libzephyr.a(printk.c.o)
                0x000000000000508a                printk
 .text.z_thread_entry
                0x00000000000050a0       0x14 C:\Users\junqu\Documents\GitHub\atividade-comunica-o-2-arthur\.pio\build\frdm_kl25z\zephyr/libzephyr.a(thread_entry.c.o)
                0x00000000000050a0                z_thread_entry
 .text.idx_inc  0x00000000000050b4       0x1a C:\Users\junqu\Documents\GitHub\atividade-comunica-o-2-arthur\.pio\build\frdm_kl25z\zephyr/libzephyr.a(mpsc_pbuf.c.o)
 .text.rd_idx_inc
                0x00000000000050ce       0x18 C:\Users\junqu\Documents\GitHub\atividade-comunica-o-2-arthur\.pio\build\frdm_kl25z\zephyr/libzephyr.a(mpsc_pbuf.c.o)
 .text.add_skip_item
                0x00000000000050e6       0x3a C:\Users\junqu\Documents\GitHub\atividade-comunica-o-2-arthur\.pio\build\frdm_kl25z\zephyr/libzephyr.a(mpsc_pbuf.c.o)
 .text.post_drop_action
                0x0000000000005120       0x38 C:\Users\junqu\Documents\GitHub\atividade-comunica-o-2-arthur\.pio\build\frdm_kl25z\zephyr/libzephyr.a(mpsc_pbuf.c.o)
 .text.free_space
                0x0000000000005158       0x2a C:\Users\junqu\Documents\GitHub\atividade-comunica-o-2-arthur\.pio\build\frdm_kl25z\zephyr/libzephyr.a(mpsc_pbuf.c.o)
 .text.get_usage
                0x0000000000005182       0x22 C:\Users\junqu\Documents\GitHub\atividade-comunica-o-2-arthur\.pio\build\frdm_kl25z\zephyr/libzephyr.a(mpsc_pbuf.c.o)
 .text.max_utilization_update
                0x00000000000051a4       0x22 C:\Users\junqu\Documents\GitHub\atividade-comunica-o-2-arthur\.pio\build\frdm_kl25z\zephyr/libzephyr.a(mpsc_pbuf.c.o)
 .text.drop_item_locked
                0x00000000000051c6       0xe6 C:\Users\junqu\Documents\GitHub\atividade-comunica-o-2-arthur\.pio\build\frdm_kl25z\zephyr/libzephyr.a(mpsc_pbuf.c.o)
 .text.mpsc_pbuf_init
                0x00000000000052ac       0x46 C:\Users\junqu\Documents\GitHub\atividade-comunica-o-2-arthur\.pio\build\frdm_kl25z\zephyr/libzephyr.a(mpsc_pbuf.c.o)
                0x00000000000052ac                mpsc_pbuf_init
 .text.mpsc_pbuf_alloc
                0x00000000000052f2       0xf4 C:\Users\junqu\Documents\GitHub\atividade-comunica-o-2-arthur\.pio\build\frdm_kl25z\zephyr/libzephyr.a(mpsc_pbuf.c.o)
                0x00000000000052f2                mpsc_pbuf_alloc
 .text.mpsc_pbuf_commit
                0x00000000000053e6       0x38 C:\Users\junqu\Documents\GitHub\atividade-comunica-o-2-arthur\.pio\build\frdm_kl25z\zephyr/libzephyr.a(mpsc_pbuf.c.o)
                0x00000000000053e6                mpsc_pbuf_commit
 .text.mpsc_pbuf_claim
                0x000000000000541e       0x96 C:\Users\junqu\Documents\GitHub\atividade-comunica-o-2-arthur\.pio\build\frdm_kl25z\zephyr/libzephyr.a(mpsc_pbuf.c.o)
                0x000000000000541e                mpsc_pbuf_claim
 .text.mpsc_pbuf_free
                0x00000000000054b4       0x72 C:\Users\junqu\Documents\GitHub\atividade-comunica-o-2-arthur\.pio\build\frdm_kl25z\zephyr/libzephyr.a(mpsc_pbuf.c.o)
                0x00000000000054b4                mpsc_pbuf_free
 .text.mpsc_pbuf_is_pending
                0x0000000000005526       0x2e C:\Users\junqu\Documents\GitHub\atividade-comunica-o-2-arthur\.pio\build\frdm_kl25z\zephyr/libzephyr.a(mpsc_pbuf.c.o)
                0x0000000000005526                mpsc_pbuf_is_pending
 .text._ConfigAbsSyms
                0x0000000000005554        0x2 C:\Users\junqu\Documents\GitHub\atividade-comunica-o-2-arthur\.pio\build\frdm_kl25z\zephyr/libzephyr.a(configs.c.o)
                0x0000000000005554                _ConfigAbsSyms
 .text.soc_early_init_hook
                0x0000000000005556        0x8 C:\Users\junqu\Documents\GitHub\atividade-comunica-o-2-arthur\.pio\build\frdm_kl25z\zephyr/libzephyr.a(soc.c.o)
                0x0000000000005556                soc_early_init_hook
 .text.soc_reset_hook
                0x000000000000555e        0x8 C:\Users\junqu\Documents\GitHub\atividade-comunica-o-2-arthur\.pio\build\frdm_kl25z\zephyr/libzephyr.a(soc.c.o)
                0x000000000000555e                soc_reset_hook
 .text.log_msg_generic_get_wlen
                0x0000000000005566       0x22 C:\Users\junqu\Documents\GitHub\atividade-comunica-o-2-arthur\.pio\build\frdm_kl25z\zephyr/libzephyr.a(log_core.c.o)
 .text.dummy_timestamp
                0x0000000000005588        0x4 C:\Users\junqu\Documents\GitHub\atividade-comunica-o-2-arthur\.pio\build\frdm_kl25z\zephyr/libzephyr.a(log_core.c.o)
 .text.atomic_inc
                0x000000000000558c        0xa C:\Users\junqu\Documents\GitHub\atividade-comunica-o-2-arthur\.pio\build\frdm_kl25z\zephyr/libzephyr.a(log_core.c.o)
 .text.default_lf_get_timestamp
                0x0000000000005596       0x10 C:\Users\junqu\Documents\GitHub\atividade-comunica-o-2-arthur\.pio\build\frdm_kl25z\zephyr/libzephyr.a(log_core.c.o)
 .text.z_log_vprintk
                0x00000000000055a6       0x1a C:\Users\junqu\Documents\GitHub\atividade-comunica-o-2-arthur\.pio\build\frdm_kl25z\zephyr/libzephyr.a(log_core.c.o)
                0x00000000000055a6                z_log_vprintk
 .text.z_log_notify_drop
                0x00000000000055c0        0xa C:\Users\junqu\Documents\GitHub\atividade-comunica-o-2-arthur\.pio\build\frdm_kl25z\zephyr/libzephyr.a(log_core.c.o)
 .text.z_log_get_tag
                0x00000000000055ca        0x4 C:\Users\junqu\Documents\GitHub\atividade-comunica-o-2-arthur\.pio\build\frdm_kl25z\zephyr/libzephyr.a(log_core.c.o)
                0x00000000000055ca                z_log_get_tag
 .text.log_backend_enable
                0x00000000000055ce       0x16 C:\Users\junqu\Documents\GitHub\atividade-comunica-o-2-arthur\.pio\build\frdm_kl25z\zephyr/libzephyr.a(log_mgmt.c.o)
                0x00000000000055ce                log_backend_enable
 .text.z_cbprintf_cpy
                0x00000000000055e4       0x32 C:\Users\junqu\Documents\GitHub\atividade-comunica-o-2-arthur\.pio\build\frdm_kl25z\zephyr/libzephyr.a(log_msg.c.o)
 .text.z_log_msg_finalize
                0x0000000000005616       0x32 C:\Users\junqu\Documents\GitHub\atividade-comunica-o-2-arthur\.pio\build\frdm_kl25z\zephyr/libzephyr.a(log_msg.c.o)
                0x0000000000005616                z_log_msg_finalize
 .text.z_log_msg_simple_create
                0x0000000000005648       0x58 C:\Users\junqu\Documents\GitHub\atividade-comunica-o-2-arthur\.pio\build\frdm_kl25z\zephyr/libzephyr.a(log_msg.c.o)
 .text.z_impl_z_log_msg_simple_create_0
                0x00000000000056a0        0xe C:\Users\junqu\Documents\GitHub\atividade-comunica-o-2-arthur\.pio\build\frdm_kl25z\zephyr/libzephyr.a(log_msg.c.o)
                0x00000000000056a0                z_impl_z_log_msg_simple_create_0
 .text.z_impl_z_log_msg_simple_create_1
                0x00000000000056ae       0x10 C:\Users\junqu\Documents\GitHub\atividade-comunica-o-2-arthur\.pio\build\frdm_kl25z\zephyr/libzephyr.a(log_msg.c.o)
                0x00000000000056ae                z_impl_z_log_msg_simple_create_1
 .text.log_output_write
                0x00000000000056be       0x1e C:\Users\junqu\Documents\GitHub\atividade-comunica-o-2-arthur\.pio\build\frdm_kl25z\zephyr/libzephyr.a(log_output.c.o)
 .text.log_output_flush
                0x00000000000056dc       0x1a C:\Users\junqu\Documents\GitHub\atividade-comunica-o-2-arthur\.pio\build\frdm_kl25z\zephyr/libzephyr.a(log_output.c.o)
 .text.out_func
                0x00000000000056f6       0x26 C:\Users\junqu\Documents\GitHub\atividade-comunica-o-2-arthur\.pio\build\frdm_kl25z\zephyr/libzephyr.a(log_output.c.o)
 .text.cr_out_func
                0x000000000000571c       0x1c C:\Users\junqu\Documents\GitHub\atividade-comunica-o-2-arthur\.pio\build\frdm_kl25z\zephyr/libzephyr.a(log_output.c.o)
 .text.log_output_msg_process
                0x0000000000005738       0x66 C:\Users\junqu\Documents\GitHub\atividade-comunica-o-2-arthur\.pio\build\frdm_kl25z\zephyr/libzephyr.a(log_output.c.o)
                0x0000000000005738                log_output_msg_process
 .text.format_set
                0x000000000000579e        0xc C:\Users\junqu\Documents\GitHub\atividade-comunica-o-2-arthur\.pio\build\frdm_kl25z\zephyr/libzephyr.a(log_backend_uart.c.o)
 .text.log_backend_uart_init
                0x00000000000057aa        0xc C:\Users\junqu\Documents\GitHub\atividade-comunica-o-2-arthur\.pio\build\frdm_kl25z\zephyr/libzephyr.a(log_backend_uart.c.o)
 .text.panic    0x00000000000057b6       0x32 C:\Users\junqu\Documents\GitHub\atividade-comunica-o-2-arthur\.pio\build\frdm_kl25z\zephyr/libzephyr.a(log_backend_uart.c.o)
 .text.dropped  0x00000000000057e8        0xe C:\Users\junqu\Documents\GitHub\atividade-comunica-o-2-arthur\.pio\build\frdm_kl25z\zephyr/libzephyr.a(log_backend_uart.c.o)
 .text.process  0x00000000000057f6       0x1c C:\Users\junqu\Documents\GitHub\atividade-comunica-o-2-arthur\.pio\build\frdm_kl25z\zephyr/libzephyr.a(log_backend_uart.c.o)
 .text.z_do_kernel_oops
                0x0000000000005812        0xc C:\Users\junqu\Documents\GitHub\atividade-comunica-o-2-arthur\.pio\build\frdm_kl25z\zephyr/arch/arch/arm/core/libarch__arm__core.a(fatal.c.o)
                0x0000000000005812                z_do_kernel_oops
 .text.z_arm_nmi
                0x000000000000581e        0xc C:\Users\junqu\Documents\GitHub\atividade-comunica-o-2-arthur\.pio\build\frdm_kl25z\zephyr/arch/arch/arm/core/libarch__arm__core.a(nmi.c.o)
                0x000000000000581e                z_arm_nmi
 .text.arm_irq_priority_set
                0x000000000000582a        0xa C:\Users\junqu\Documents\GitHub\atividade-comunica-o-2-arthur\.pio\build\frdm_kl25z\zephyr/arch/arch/arm/core/cortex_m/libarch__arm__core__cortex_m.a(irq_manage.c.o)
                0x000000000000582a                arm_irq_priority_set
 .text.z_irq_spurious
                0x0000000000005834        0xc C:\Users\junqu\Documents\GitHub\atividade-comunica-o-2-arthur\.pio\build\frdm_kl25z\zephyr/arch/arch/arm/core/cortex_m/libarch__arm__core__cortex_m.a(irq_manage.c.o)
                0x0000000000005834                z_irq_spurious
 .text.z_prep_c
                0x0000000000005840       0x16 C:\Users\junqu\Documents\GitHub\atividade-comunica-o-2-arthur\.pio\build\frdm_kl25z\zephyr/arch/arch/arm/core/cortex_m/libarch__arm__core__cortex_m.a(prep_c.c.o)
                0x0000000000005840                z_prep_c
 .text.arch_irq_unlock_outlined
                0x0000000000005856        0xc C:\Users\junqu\Documents\GitHub\atividade-comunica-o-2-arthur\.pio\build\frdm_kl25z\zephyr/arch/arch/arm/core/cortex_m/libarch__arm__core__cortex_m.a(thread.c.o)
                0x0000000000005856                arch_irq_unlock_outlined
 .text.arch_cpu_idle
                0x0000000000005862        0xe C:\Users\junqu\Documents\GitHub\atividade-comunica-o-2-arthur\.pio\build\frdm_kl25z\zephyr/arch/arch/arm/core/cortex_m/libarch__arm__core__cortex_m.a(cpu_idle.c.o)
                0x0000000000005862                arch_cpu_idle
 .text.cbputc   0x0000000000005870        0xc C:\Users\junqu\Documents\GitHub\atividade-comunica-o-2-arthur\.pio\build\frdm_kl25z\zephyr/lib/libc/picolibc/liblib__libc__picolibc.a(cbprintf.c.o)
 .text.picolibc_put
                0x000000000000587c        0xa C:\Users\junqu\Documents\GitHub\atividade-comunica-o-2-arthur\.pio\build\frdm_kl25z\zephyr/lib/libc/picolibc/liblib__libc__picolibc.a(stdio.c.o)
 .text.mcux_mcg_on
                0x0000000000005886        0x4 C:\Users\junqu\Documents\GitHub\atividade-comunica-o-2-arthur\.pio\build\frdm_kl25z\zephyr/drivers/clock_control/libdrivers__clock_control.a(clock_control_mcux_mcg.c.o)
 .text.mcux_mcg_get_rate
                0x000000000000588a       0x24 C:\Users\junqu\Documents\GitHub\atividade-comunica-o-2-arthur\.pio\build\frdm_kl25z\zephyr/drivers/clock_control/libdrivers__clock_control.a(clock_control_mcux_mcg.c.o)
 .text.mcux_mcg_off
                0x00000000000058ae        0x4 C:\Users\junqu\Documents\GitHub\atividade-comunica-o-2-arthur\.pio\build\frdm_kl25z\zephyr/drivers/clock_control/libdrivers__clock_control.a(clock_control_mcux_mcg.c.o)
 .text.mcux_sim_init
                0x00000000000058b2        0x4 C:\Users\junqu\Documents\GitHub\atividade-comunica-o-2-arthur\.pio\build\frdm_kl25z\zephyr/drivers/clock_control/libdrivers__clock_control.a(clock_control_mcux_sim.c.o)
 .text.gpio_mcux_port_get_raw
                0x00000000000058b6        0xc C:\Users\junqu\Documents\GitHub\atividade-comunica-o-2-arthur\.pio\build\frdm_kl25z\zephyr/drivers/gpio/libdrivers__gpio.a(gpio_mcux.c.o)
 .text.gpio_mcux_port_set_masked_raw
                0x00000000000058c2       0x12 C:\Users\junqu\Documents\GitHub\atividade-comunica-o-2-arthur\.pio\build\frdm_kl25z\zephyr/drivers/gpio/libdrivers__gpio.a(gpio_mcux.c.o)
 .text.gpio_mcux_port_set_bits_raw
                0x00000000000058d4        0xa C:\Users\junqu\Documents\GitHub\atividade-comunica-o-2-arthur\.pio\build\frdm_kl25z\zephyr/drivers/gpio/libdrivers__gpio.a(gpio_mcux.c.o)
 .text.gpio_mcux_port_clear_bits_raw
                0x00000000000058de        0xa C:\Users\junqu\Documents\GitHub\atividade-comunica-o-2-arthur\.pio\build\frdm_kl25z\zephyr/drivers/gpio/libdrivers__gpio.a(gpio_mcux.c.o)
 .text.gpio_mcux_port_toggle_bits
                0x00000000000058e8        0xa C:\Users\junqu\Documents\GitHub\atividade-comunica-o-2-arthur\.pio\build\frdm_kl25z\zephyr/drivers/gpio/libdrivers__gpio.a(gpio_mcux.c.o)
 .text.gpio_mcux_manage_callback
                0x00000000000058f2       0x5c C:\Users\junqu\Documents\GitHub\atividade-comunica-o-2-arthur\.pio\build\frdm_kl25z\zephyr/drivers/gpio/libdrivers__gpio.a(gpio_mcux.c.o)
 .text.gpio_mcux_port_isr
                0x000000000000594e       0x30 C:\Users\junqu\Documents\GitHub\atividade-comunica-o-2-arthur\.pio\build\frdm_kl25z\zephyr/drivers/gpio/libdrivers__gpio.a(gpio_mcux.c.o)
 .text.gpio_mcux_port1_init
                0x000000000000597e        0x4 C:\Users\junqu\Documents\GitHub\atividade-comunica-o-2-arthur\.pio\build\frdm_kl25z\zephyr/drivers/gpio/libdrivers__gpio.a(gpio_mcux.c.o)
 .text.gpio_mcux_port0_init
                0x0000000000005982       0x16 C:\Users\junqu\Documents\GitHub\atividade-comunica-o-2-arthur\.pio\build\frdm_kl25z\zephyr/drivers/gpio/libdrivers__gpio.a(gpio_mcux.c.o)
 .text.gpio_mcux_port2_init
                0x0000000000005998       0x16 C:\Users\junqu\Documents\GitHub\atividade-comunica-o-2-arthur\.pio\build\frdm_kl25z\zephyr/drivers/gpio/libdrivers__gpio.a(gpio_mcux.c.o)
 .text.i2c_mcux_config_func_0
                0x00000000000059ae       0x14 C:\Users\junqu\Documents\GitHub\atividade-comunica-o-2-arthur\.pio\build\frdm_kl25z\zephyr/drivers/i2c/libdrivers__i2c.a(i2c_mcux.c.o)
 .text.i2c_mcux_isr
                0x00000000000059c2        0xe C:\Users\junqu\Documents\GitHub\atividade-comunica-o-2-arthur\.pio\build\frdm_kl25z\zephyr/drivers/i2c/libdrivers__i2c.a(i2c_mcux.c.o)
 .text.i2c_mcux_master_transfer_callback
                0x00000000000059d0        0xe C:\Users\junqu\Documents\GitHub\atividade-comunica-o-2-arthur\.pio\build\frdm_kl25z\zephyr/drivers/i2c/libdrivers__i2c.a(i2c_mcux.c.o)
 .text.i2c_mcux_transfer
                0x00000000000059de       0xbe C:\Users\junqu\Documents\GitHub\atividade-comunica-o-2-arthur\.pio\build\frdm_kl25z\zephyr/drivers/i2c/libdrivers__i2c.a(i2c_mcux.c.o)
 .text.pinctrl_lookup_state
                0x0000000000005a9c       0x28 C:\Users\junqu\Documents\GitHub\atividade-comunica-o-2-arthur\.pio\build\frdm_kl25z\zephyr/drivers/pinctrl/libdrivers__pinctrl.a(common.c.o)
                0x0000000000005a9c                pinctrl_lookup_state
 .text.z_impl_i2c_transfer
                0x0000000000005ac4       0x1a C:\Users\junqu\Documents\GitHub\atividade-comunica-o-2-arthur\.pio\build\frdm_kl25z\zephyr/drivers/sensor/nxp/fxos8700/libdrivers__sensor__nxp__fxos8700.a(fxos8700.c.o)
 .text.gpio_pin_set_dt
                0x0000000000005ade       0x2e C:\Users\junqu\Documents\GitHub\atividade-comunica-o-2-arthur\.pio\build\frdm_kl25z\zephyr/drivers/sensor/nxp/fxos8700/libdrivers__sensor__nxp__fxos8700.a(fxos8700.c.o)
 .text.z_log_msg_simple_create_0.constprop.11
                0x0000000000005b0c        0xc C:\Users\junqu\Documents\GitHub\atividade-comunica-o-2-arthur\.pio\build\frdm_kl25z\zephyr/drivers/sensor/nxp/fxos8700/libdrivers__sensor__nxp__fxos8700.a(fxos8700.c.o)
 .text.fxos8700_reg_field_update_i2c
                0x0000000000005b18       0x72 C:\Users\junqu\Documents\GitHub\atividade-comunica-o-2-arthur\.pio\build\frdm_kl25z\zephyr/drivers/sensor/nxp/fxos8700/libdrivers__sensor__nxp__fxos8700.a(fxos8700.c.o)
                0x0000000000005b18                fxos8700_reg_field_update_i2c
 .text.fxos8700_byte_write_i2c
                0x0000000000005b8a       0x22 C:\Users\junqu\Documents\GitHub\atividade-comunica-o-2-arthur\.pio\build\frdm_kl25z\zephyr/drivers/sensor/nxp/fxos8700/libdrivers__sensor__nxp__fxos8700.a(fxos8700.c.o)
                0x0000000000005b8a                fxos8700_byte_write_i2c
 .text.fxos8700_read_i2c
                0x0000000000005bac       0x30 C:\Users\junqu\Documents\GitHub\atividade-comunica-o-2-arthur\.pio\build\frdm_kl25z\zephyr/drivers/sensor/nxp/fxos8700/libdrivers__sensor__nxp__fxos8700.a(fxos8700.c.o)
                0x0000000000005bac                fxos8700_read_i2c
 .text.fxos8700_byte_read_i2c
                0x0000000000005bdc       0x2e C:\Users\junqu\Documents\GitHub\atividade-comunica-o-2-arthur\.pio\build\frdm_kl25z\zephyr/drivers/sensor/nxp/fxos8700/libdrivers__sensor__nxp__fxos8700.a(fxos8700.c.o)
                0x0000000000005bdc                fxos8700_byte_read_i2c
 .text.fxos8700_get_power
                0x0000000000005c0a       0x28 C:\Users\junqu\Documents\GitHub\atividade-comunica-o-2-arthur\.pio\build\frdm_kl25z\zephyr/drivers/sensor/nxp/fxos8700/libdrivers__sensor__nxp__fxos8700.a(fxos8700.c.o)
                0x0000000000005c0a                fxos8700_get_power
 .text.fxos8700_set_power
                0x0000000000005c32       0x12 C:\Users\junqu\Documents\GitHub\atividade-comunica-o-2-arthur\.pio\build\frdm_kl25z\zephyr/drivers/sensor/nxp/fxos8700/libdrivers__sensor__nxp__fxos8700.a(fxos8700.c.o)
                0x0000000000005c32                fxos8700_set_power
 .text.fxos8700_attr_set
                0x0000000000005c44       0x18 C:\Users\junqu\Documents\GitHub\atividade-comunica-o-2-arthur\.pio\build\frdm_kl25z\zephyr/drivers/sensor/nxp/fxos8700/libdrivers__sensor__nxp__fxos8700.a(fxos8700.c.o)
 .text.mcux_lpsci_irq_update
                0x0000000000005c5c        0x4 C:\Users\junqu\Documents\GitHub\atividade-comunica-o-2-arthur\.pio\build\frdm_kl25z\zephyr/drivers/serial/libdrivers__serial.a(uart_mcux_lpsci.c.o)
 .text.mcux_lpsci_irq_callback_set
                0x0000000000005c60        0x6 C:\Users\junqu\Documents\GitHub\atividade-comunica-o-2-arthur\.pio\build\frdm_kl25z\zephyr/drivers/serial/libdrivers__serial.a(uart_mcux_lpsci.c.o)
 .text.mcux_lpsci_isr
                0x0000000000005c66       0x10 C:\Users\junqu\Documents\GitHub\atividade-comunica-o-2-arthur\.pio\build\frdm_kl25z\zephyr/drivers/serial/libdrivers__serial.a(uart_mcux_lpsci.c.o)
 .text.mcux_lpsci_irq_err_disable
                0x0000000000005c76       0x10 C:\Users\junqu\Documents\GitHub\atividade-comunica-o-2-arthur\.pio\build\frdm_kl25z\zephyr/drivers/serial/libdrivers__serial.a(uart_mcux_lpsci.c.o)
 .text.mcux_lpsci_irq_rx_disable
                0x0000000000005c86       0x10 C:\Users\junqu\Documents\GitHub\atividade-comunica-o-2-arthur\.pio\build\frdm_kl25z\zephyr/drivers/serial/libdrivers__serial.a(uart_mcux_lpsci.c.o)
 .text.mcux_lpsci_irq_tx_disable
                0x0000000000005c96       0x10 C:\Users\junqu\Documents\GitHub\atividade-comunica-o-2-arthur\.pio\build\frdm_kl25z\zephyr/drivers/serial/libdrivers__serial.a(uart_mcux_lpsci.c.o)
 .text.mcux_lpsci_irq_err_enable
                0x0000000000005ca6       0x10 C:\Users\junqu\Documents\GitHub\atividade-comunica-o-2-arthur\.pio\build\frdm_kl25z\zephyr/drivers/serial/libdrivers__serial.a(uart_mcux_lpsci.c.o)
 .text.mcux_lpsci_irq_rx_enable
                0x0000000000005cb6       0x10 C:\Users\junqu\Documents\GitHub\atividade-comunica-o-2-arthur\.pio\build\frdm_kl25z\zephyr/drivers/serial/libdrivers__serial.a(uart_mcux_lpsci.c.o)
 .text.mcux_lpsci_irq_tx_enable
                0x0000000000005cc6       0x10 C:\Users\junqu\Documents\GitHub\atividade-comunica-o-2-arthur\.pio\build\frdm_kl25z\zephyr/drivers/serial/libdrivers__serial.a(uart_mcux_lpsci.c.o)
 .text.mcux_lpsci_irq_rx_full
                0x0000000000005cd6       0x10 C:\Users\junqu\Documents\GitHub\atividade-comunica-o-2-arthur\.pio\build\frdm_kl25z\zephyr/drivers/serial/libdrivers__serial.a(uart_mcux_lpsci.c.o)
 .text.mcux_lpsci_irq_tx_complete
                0x0000000000005ce6       0x10 C:\Users\junqu\Documents\GitHub\atividade-comunica-o-2-arthur\.pio\build\frdm_kl25z\zephyr/drivers/serial/libdrivers__serial.a(uart_mcux_lpsci.c.o)
 .text.mcux_lpsci_irq_tx_ready
                0x0000000000005cf6       0x20 C:\Users\junqu\Documents\GitHub\atividade-comunica-o-2-arthur\.pio\build\frdm_kl25z\zephyr/drivers/serial/libdrivers__serial.a(uart_mcux_lpsci.c.o)
 .text.mcux_lpsci_fifo_read
                0x0000000000005d16       0x2a C:\Users\junqu\Documents\GitHub\atividade-comunica-o-2-arthur\.pio\build\frdm_kl25z\zephyr/drivers/serial/libdrivers__serial.a(uart_mcux_lpsci.c.o)
 .text.mcux_lpsci_fifo_fill
                0x0000000000005d40       0x2a C:\Users\junqu\Documents\GitHub\atividade-comunica-o-2-arthur\.pio\build\frdm_kl25z\zephyr/drivers/serial/libdrivers__serial.a(uart_mcux_lpsci.c.o)
 .text.mcux_lpsci_poll_out
                0x0000000000005d6a       0x18 C:\Users\junqu\Documents\GitHub\atividade-comunica-o-2-arthur\.pio\build\frdm_kl25z\zephyr/drivers/serial/libdrivers__serial.a(uart_mcux_lpsci.c.o)
 .text.mcux_lpsci_poll_in
                0x0000000000005d82       0x20 C:\Users\junqu\Documents\GitHub\atividade-comunica-o-2-arthur\.pio\build\frdm_kl25z\zephyr/drivers/serial/libdrivers__serial.a(uart_mcux_lpsci.c.o)
 .text.mcux_lpsci_err_check
                0x0000000000005da2       0x2c C:\Users\junqu\Documents\GitHub\atividade-comunica-o-2-arthur\.pio\build\frdm_kl25z\zephyr/drivers/serial/libdrivers__serial.a(uart_mcux_lpsci.c.o)
 .text.mcux_lpsci_config_func_0
                0x0000000000005dce       0x14 C:\Users\junqu\Documents\GitHub\atividade-comunica-o-2-arthur\.pio\build\frdm_kl25z\zephyr/drivers/serial/libdrivers__serial.a(uart_mcux_lpsci.c.o)
 .text.mcux_lpsci_irq_is_pending
                0x0000000000005de2       0x2c C:\Users\junqu\Documents\GitHub\atividade-comunica-o-2-arthur\.pio\build\frdm_kl25z\zephyr/drivers/serial/libdrivers__serial.a(uart_mcux_lpsci.c.o)
 .text.mcux_lpsci_init
                0x0000000000005e0e       0x76 C:\Users\junqu\Documents\GitHub\atividade-comunica-o-2-arthur\.pio\build\frdm_kl25z\zephyr/drivers/serial/libdrivers__serial.a(uart_mcux_lpsci.c.o)
 .text.I2C_EnableInterrupts
                0x0000000000005e84       0x1e C:\Users\junqu\Documents\GitHub\atividade-comunica-o-2-arthur\.pio\build\frdm_kl25z\modules/hal_nxp/libmodules__hal_nxp.a(fsl_i2c.c.o)
                0x0000000000005e84                I2C_EnableInterrupts
 .text.I2C_DisableInterrupts
                0x0000000000005ea2       0x1a C:\Users\junqu\Documents\GitHub\atividade-comunica-o-2-arthur\.pio\build\frdm_kl25z\modules/hal_nxp/libmodules__hal_nxp.a(fsl_i2c.c.o)
                0x0000000000005ea2                I2C_DisableInterrupts
 .text.I2C_MasterStop
                0x0000000000005ebc       0x14 C:\Users\junqu\Documents\GitHub\atividade-comunica-o-2-arthur\.pio\build\frdm_kl25z\modules/hal_nxp/libmodules__hal_nxp.a(fsl_i2c.c.o)
                0x0000000000005ebc                I2C_MasterStop
 .text.I2C_MasterGetStatusFlags
                0x0000000000005ed0       0x14 C:\Users\junqu\Documents\GitHub\atividade-comunica-o-2-arthur\.pio\build\frdm_kl25z\modules/hal_nxp/libmodules__hal_nxp.a(fsl_i2c.c.o)
                0x0000000000005ed0                I2C_MasterGetStatusFlags
 .text.LPSCI_GetDefaultConfig
                0x0000000000005ee4       0x1c C:\Users\junqu\Documents\GitHub\atividade-comunica-o-2-arthur\.pio\build\frdm_kl25z\modules/hal_nxp/libmodules__hal_nxp.a(fsl_lpsci.c.o)
                0x0000000000005ee4                LPSCI_GetDefaultConfig
 .text.LPSCI_GetStatusFlags
                0x0000000000005f00        0xa C:\Users\junqu\Documents\GitHub\atividade-comunica-o-2-arthur\.pio\build\frdm_kl25z\modules/hal_nxp/libmodules__hal_nxp.a(fsl_lpsci.c.o)
                0x0000000000005f00                LPSCI_GetStatusFlags
 .text._OffsetAbsSyms
                0x0000000000005f0a        0x2 C:\Users\junqu\Documents\GitHub\atividade-comunica-o-2-arthur\.pio\build\frdm_kl25z\zephyr\liboffsets.a(offsets.c.o)
                0x0000000000005f0a                _OffsetAbsSyms
 .text.z_impl_k_busy_wait
                0x0000000000005f0c       0x1c C:\Users\junqu\Documents\GitHub\atividade-comunica-o-2-arthur\.pio\build\frdm_kl25z\zephyr/kernel/libkernel.a(busy_wait.c.o)
                0x0000000000005f0c                z_impl_k_busy_wait
 .text.z_device_state_init
                0x0000000000005f28        0x2 C:\Users\junqu\Documents\GitHub\atividade-comunica-o-2-arthur\.pio\build\frdm_kl25z\zephyr/kernel/libkernel.a(device.c.o)
                0x0000000000005f28                z_device_state_init
 .text.z_impl_device_is_ready
                0x0000000000005f2a       0x1a C:\Users\junqu\Documents\GitHub\atividade-comunica-o-2-arthur\.pio\build\frdm_kl25z\zephyr/kernel/libkernel.a(device.c.o)
                0x0000000000005f2a                z_impl_device_is_ready
 .text.arch_system_halt
                0x0000000000005f44        0x8 C:\Users\junqu\Documents\GitHub\atividade-comunica-o-2-arthur\.pio\build\frdm_kl25z\zephyr/kernel/libkernel.a(fatal.c.o)
                0x0000000000005f44                arch_system_halt
 .text.do_device_init
                0x0000000000005f4c       0x30 C:\Users\junqu\Documents\GitHub\atividade-comunica-o-2-arthur\.pio\build\frdm_kl25z\zephyr/kernel/libkernel.a(init.c.o)
 .text.z_early_memset
                0x0000000000005f7c        0x8 C:\Users\junqu\Documents\GitHub\atividade-comunica-o-2-arthur\.pio\build\frdm_kl25z\zephyr/kernel/libkernel.a(init.c.o)
                0x0000000000005f7c                z_early_memset
 .text.z_early_memcpy
                0x0000000000005f84        0x8 C:\Users\junqu\Documents\GitHub\atividade-comunica-o-2-arthur\.pio\build\frdm_kl25z\zephyr/kernel/libkernel.a(init.c.o)
                0x0000000000005f84                z_early_memcpy
 .text.idle     0x0000000000005f8c        0xe C:\Users\junqu\Documents\GitHub\atividade-comunica-o-2-arthur\.pio\build\frdm_kl25z\zephyr/kernel/libkernel.a(idle.c.o)
                0x0000000000005f8c                idle
 .text.unpend_thread_no_timeout
                0x0000000000005f9a       0x1a C:\Users\junqu\Documents\GitHub\atividade-comunica-o-2-arthur\.pio\build\frdm_kl25z\zephyr/kernel/libkernel.a(msg_q.c.o)
 .text.z_impl_k_sem_init
                0x0000000000005fb4       0x1a C:\Users\junqu\Documents\GitHub\atividade-comunica-o-2-arthur\.pio\build\frdm_kl25z\zephyr/kernel/libkernel.a(sem.c.o)
                0x0000000000005fb4                z_impl_k_sem_init
 .text.k_is_in_isr
                0x0000000000005fce        0xc C:\Users\junqu\Documents\GitHub\atividade-comunica-o-2-arthur\.pio\build\frdm_kl25z\zephyr/kernel/libkernel.a(thread.c.o)
                0x0000000000005fce                k_is_in_isr
 .text.z_impl_k_thread_name_set
                0x0000000000005fda        0x6 C:\Users\junqu\Documents\GitHub\atividade-comunica-o-2-arthur\.pio\build\frdm_kl25z\zephyr/kernel/libkernel.a(thread.c.o)
                0x0000000000005fda                z_impl_k_thread_name_set
 .text.k_thread_name_get
                0x0000000000005fe0        0x4 C:\Users\junqu\Documents\GitHub\atividade-comunica-o-2-arthur\.pio\build\frdm_kl25z\zephyr/kernel/libkernel.a(thread.c.o)
                0x0000000000005fe0                k_thread_name_get
 .text.sys_dlist_remove
                0x0000000000005fe4       0x10 C:\Users\junqu\Documents\GitHub\atividade-comunica-o-2-arthur\.pio\build\frdm_kl25z\zephyr/kernel/libkernel.a(sched.c.o)
 .text.unpend_thread_no_timeout
                0x0000000000005ff4       0x16 C:\Users\junqu\Documents\GitHub\atividade-comunica-o-2-arthur\.pio\build\frdm_kl25z\zephyr/kernel/libkernel.a(sched.c.o)
 .text.add_to_waitq_locked
                0x000000000000600a       0x58 C:\Users\junqu\Documents\GitHub\atividade-comunica-o-2-arthur\.pio\build\frdm_kl25z\zephyr/kernel/libkernel.a(sched.c.o)
 .text.z_ready_thread
                0x0000000000006062       0x18 C:\Users\junqu\Documents\GitHub\atividade-comunica-o-2-arthur\.pio\build\frdm_kl25z\zephyr/kernel/libkernel.a(sched.c.o)
                0x0000000000006062                z_ready_thread
 .text.z_unpend_thread_no_timeout
                0x000000000000607a       0x1e C:\Users\junqu\Documents\GitHub\atividade-comunica-o-2-arthur\.pio\build\frdm_kl25z\zephyr/kernel/libkernel.a(sched.c.o)
                0x000000000000607a                z_unpend_thread_no_timeout
 .text.z_sched_wake_thread
                0x0000000000006098       0x36 C:\Users\junqu\Documents\GitHub\atividade-comunica-o-2-arthur\.pio\build\frdm_kl25z\zephyr/kernel/libkernel.a(sched.c.o)
                0x0000000000006098                z_sched_wake_thread
 .text.z_thread_timeout
                0x00000000000060ce        0xc C:\Users\junqu\Documents\GitHub\atividade-comunica-o-2-arthur\.pio\build\frdm_kl25z\zephyr/kernel/libkernel.a(sched.c.o)
                0x00000000000060ce                z_thread_timeout
 .text.z_unpend1_no_timeout
                0x00000000000060da       0x2a C:\Users\junqu\Documents\GitHub\atividade-comunica-o-2-arthur\.pio\build\frdm_kl25z\zephyr/kernel/libkernel.a(sched.c.o)
                0x00000000000060da                z_unpend1_no_timeout
 .text.z_abort_timeout
                0x0000000000006104       0x4e C:\Users\junqu\Documents\GitHub\atividade-comunica-o-2-arthur\.pio\build\frdm_kl25z\zephyr/kernel/libkernel.a(timeout.c.o)
                0x0000000000006104                z_abort_timeout
 .text.sys_clock_tick_get_32
                0x0000000000006152        0x8 C:\Users\junqu\Documents\GitHub\atividade-comunica-o-2-arthur\.pio\build\frdm_kl25z\zephyr/kernel/libkernel.a(timeout.c.o)
                0x0000000000006152                sys_clock_tick_get_32
 .text.z_impl_k_uptime_ticks
                0x000000000000615a        0x8 C:\Users\junqu\Documents\GitHub\atividade-comunica-o-2-arthur\.pio\build\frdm_kl25z\zephyr/kernel/libkernel.a(timeout.c.o)
                0x000000000000615a                z_impl_k_uptime_ticks
 .text.k_timer_init
                0x0000000000006162       0x18 C:\Users\junqu\Documents\GitHub\atividade-comunica-o-2-arthur\.pio\build\frdm_kl25z\zephyr/kernel/libkernel.a(timer.c.o)
                0x0000000000006162                k_timer_init
 .text.z_impl_k_timer_stop
                0x000000000000617a       0x32 C:\Users\junqu\Documents\GitHub\atividade-comunica-o-2-arthur\.pio\build\frdm_kl25z\zephyr/kernel/libkernel.a(timer.c.o)
                0x000000000000617a                z_impl_k_timer_stop
 .text.z_impl_atomic_add
                0x00000000000061ac       0x1a C:\Users\junqu\Documents\GitHub\atividade-comunica-o-2-arthur\.pio\build\frdm_kl25z\zephyr/kernel/libkernel.a(atomic_c.c.o)
                0x00000000000061ac                z_impl_atomic_add
 .text.z_impl_atomic_sub
                0x00000000000061c6       0x1a C:\Users\junqu\Documents\GitHub\atividade-comunica-o-2-arthur\.pio\build\frdm_kl25z\zephyr/kernel/libkernel.a(atomic_c.c.o)
                0x00000000000061c6                z_impl_atomic_sub
 .text.z_impl_atomic_set
                0x00000000000061e0       0x18 C:\Users\junqu\Documents\GitHub\atividade-comunica-o-2-arthur\.pio\build\frdm_kl25z\zephyr/kernel/libkernel.a(atomic_c.c.o)
                0x00000000000061e0                z_impl_atomic_set
 .text.k_heap_init
                0x00000000000061f8       0x10 C:\Users\junqu\Documents\GitHub\atividade-comunica-o-2-arthur\.pio\build\frdm_kl25z\zephyr/kernel/libkernel.a(kheap.c.o)
                0x00000000000061f8                k_heap_init
 .text.memcpy   0x0000000000006208       0x12 C:\Users\junqu\Documents\GitHub\atividade-comunica-o-2-arthur\.pio\build\frdm_kl25z\modules\picolibc\libc.a(memcpy.c.o)
                0x0000000000006208                __aeabi_memcpy
                0x0000000000006208                __aeabi_memcpy4
                0x0000000000006208                __aeabi_memcpy8
                0x0000000000006208                memcpy
 .text.memset   0x000000000000621a       0x10 C:\Users\junqu\Documents\GitHub\atividade-comunica-o-2-arthur\.pio\build\frdm_kl25z\modules\picolibc\libc.a(memset.c.o)
                0x000000000000621a                memset
 .text.strnlen  0x000000000000622a       0x16 C:\Users\junqu\Documents\GitHub\atividade-comunica-o-2-arthur\.pio\build\frdm_kl25z\modules\picolibc\libc.a(strnlen.c.o)
                0x000000000000622a                strnlen
 .text.__ultoa_invert
                0x0000000000006240      0x120 C:\Users\junqu\Documents\GitHub\atividade-comunica-o-2-arthur\.pio\build\frdm_kl25z\modules\picolibc\libc.a(vflprintf.c.o)
 .text.skip_to_arg
                0x0000000000006360      0x12e C:\Users\junqu\Documents\GitHub\atividade-comunica-o-2-arthur\.pio\build\frdm_kl25z\modules\picolibc\libc.a(vflprintf.c.o)
 .text.__file_str_put
                0x000000000000648e       0x10 C:\Users\junqu\Documents\GitHub\atividade-comunica-o-2-arthur\.pio\build\frdm_kl25z\modules\picolibc\libc.a(filestrput.c.o)
                0x000000000000648e                __file_str_put
 *(SORT_BY_ALIGNMENT(.TEXT.*))
 *(SORT_BY_ALIGNMENT(.gnu.linkonce.t.*))
 *(SORT_BY_ALIGNMENT(.glue_7t))
 .glue_7t       0x000000000000649e        0x0 linker stubs
 *(SORT_BY_ALIGNMENT(.glue_7))
 .glue_7        0x000000000000649e        0x0 linker stubs
 *(SORT_BY_ALIGNMENT(.vfp11_veneer))
 .vfp11_veneer  0x000000000000649e        0x0 linker stubs
 *(SORT_BY_ALIGNMENT(.v4_bx))
 .v4_bx         0x000000000000649e        0x0 linker stubs
                0x00000000000064a0                . = ALIGN (0x4)
 *fill*         0x000000000000649e        0x2 
                0x00000000000064a0                __text_region_end = .

.ARM.exidx      0x00000000000064a0        0x8
                0x00000000000064a0                __exidx_start = .
 *(SORT_BY_ALIGNMENT(.ARM.exidx*) SORT_BY_ALIGNMENT(gnu.linkonce.armexidx.*))
 .ARM.exidx.text.__udivmoddi4
                0x00000000000064a0        0x8 c:/users/junqu/.platformio/packages/toolchain-gccarmnoneeabi/bin/../lib/gcc/arm-none-eabi/8.2.1/thumb/v6-m/nofp\libgcc.a(_udivmoddi4.o)
                0x00000000000064a8                __exidx_end = .
                0x00000000000064a8                __rodata_region_start = .

initlevel       0x00000000000064a8       0x90
                0x00000000000064a8                __init_start = .
                0x00000000000064a8                __init_EARLY_start = .
 *(SORT_BY_NAME(SORT_BY_ALIGNMENT(.z_init_EARLY_P_?_*)))
 *(SORT_BY_NAME(SORT_BY_ALIGNMENT(.z_init_EARLY_P_??_*)))
 *(SORT_BY_NAME(SORT_BY_ALIGNMENT(.z_init_EARLY_P_???_*)))
                0x00000000000064a8                __init_PRE_KERNEL_1_start = .
 *(SORT_BY_NAME(SORT_BY_ALIGNMENT(.z_init_PRE_KERNEL_1_P_?_*)))
 *(SORT_BY_NAME(SORT_BY_ALIGNMENT(.z_init_PRE_KERNEL_1_P_??_*)))
 .z_init_PRE_KERNEL_1_P_30_SUB_00009_
                0x00000000000064a8        0x8 C:\Users\junqu\Documents\GitHub\atividade-comunica-o-2-arthur\.pio\build\frdm_kl25z\zephyr/drivers/clock_control/libdrivers__clock_control.a(clock_control_mcux_sim.c.o)
 .z_init_PRE_KERNEL_1_P_30_SUB_00043_
                0x00000000000064b0        0x8 C:\Users\junqu\Documents\GitHub\atividade-comunica-o-2-arthur\.pio\build\frdm_kl25z\zephyr/drivers/clock_control/libdrivers__clock_control.a(clock_control_mcux_mcg.c.o)
 .z_init_PRE_KERNEL_1_P_30_SUB_0_
                0x00000000000064b8        0x8 C:\Users\junqu\Documents\GitHub\atividade-comunica-o-2-arthur\.pio\build\frdm_kl25z\zephyr/kernel/libkernel.a(kheap.c.o)
 .z_init_PRE_KERNEL_1_P_40_SUB_00010_
                0x00000000000064c0        0x8 C:\Users\junqu\Documents\GitHub\atividade-comunica-o-2-arthur\.pio\build\frdm_kl25z\zephyr/drivers/pinctrl/libdrivers__pinctrl.a(pinctrl_nxp_port.c.o)
 .z_init_PRE_KERNEL_1_P_40_SUB_00015_
                0x00000000000064c8        0x8 C:\Users\junqu\Documents\GitHub\atividade-comunica-o-2-arthur\.pio\build\frdm_kl25z\zephyr/drivers/pinctrl/libdrivers__pinctrl.a(pinctrl_nxp_port.c.o)
 .z_init_PRE_KERNEL_1_P_40_SUB_00017_
                0x00000000000064d0        0x8 C:\Users\junqu\Documents\GitHub\atividade-comunica-o-2-arthur\.pio\build\frdm_kl25z\zephyr/drivers/pinctrl/libdrivers__pinctrl.a(pinctrl_nxp_port.c.o)
 .z_init_PRE_KERNEL_1_P_40_SUB_00031_
                0x00000000000064d8        0x8 C:\Users\junqu\Documents\GitHub\atividade-comunica-o-2-arthur\.pio\build\frdm_kl25z\zephyr/drivers/pinctrl/libdrivers__pinctrl.a(pinctrl_nxp_port.c.o)
 .z_init_PRE_KERNEL_1_P_40_SUB_00033_
                0x00000000000064e0        0x8 C:\Users\junqu\Documents\GitHub\atividade-comunica-o-2-arthur\.pio\build\frdm_kl25z\zephyr/drivers/pinctrl/libdrivers__pinctrl.a(pinctrl_nxp_port.c.o)
 .z_init_PRE_KERNEL_1_P_50_SUB_00037_
                0x00000000000064e8        0x8 C:\Users\junqu\Documents\GitHub\atividade-comunica-o-2-arthur\.pio\build\frdm_kl25z\zephyr/drivers/serial/libdrivers__serial.a(uart_mcux_lpsci.c.o)
 .z_init_PRE_KERNEL_1_P_60_SUB_0_
                0x00000000000064f0        0x8 C:\Users\junqu\Documents\GitHub\atividade-comunica-o-2-arthur\.pio\build\frdm_kl25z\zephyr/drivers/console/libdrivers__console.a(uart_console.c.o)
 *(SORT_BY_NAME(SORT_BY_ALIGNMENT(.z_init_PRE_KERNEL_1_P_???_*)))
                0x00000000000064f8                __init_PRE_KERNEL_2_start = .
 *(SORT_BY_NAME(SORT_BY_ALIGNMENT(.z_init_PRE_KERNEL_2_P_?_*)))
 .z_init_PRE_KERNEL_2_P_0_SUB_0_
                0x00000000000064f8        0x8 C:\Users\junqu\Documents\GitHub\atividade-comunica-o-2-arthur\.pio\build\frdm_kl25z\zephyr/drivers/timer/libdrivers__timer.a(cortex_m_systick.c.o)
 *(SORT_BY_NAME(SORT_BY_ALIGNMENT(.z_init_PRE_KERNEL_2_P_??_*)))
 *(SORT_BY_NAME(SORT_BY_ALIGNMENT(.z_init_PRE_KERNEL_2_P_???_*)))
                0x0000000000006500                __init_POST_KERNEL_start = .
 *(SORT_BY_NAME(SORT_BY_ALIGNMENT(.z_init_POST_KERNEL_P_?_*)))
 .z_init_POST_KERNEL_P_0_SUB_0_
                0x0000000000006500        0x8 C:\Users\junqu\Documents\GitHub\atividade-comunica-o-2-arthur\.pio\build\frdm_kl25z\zephyr/libzephyr.a(log_core.c.o)
 *(SORT_BY_NAME(SORT_BY_ALIGNMENT(.z_init_POST_KERNEL_P_??_*)))
 .z_init_POST_KERNEL_P_35_SUB_0_
                0x0000000000006508        0x8 C:\Users\junqu\Documents\GitHub\atividade-comunica-o-2-arthur\.pio\build\frdm_kl25z\zephyr/lib/libc/common/liblib__libc__common.a(malloc.c.o)
 .z_init_POST_KERNEL_P_40_SUB_00011_
                0x0000000000006510        0x8 C:\Users\junqu\Documents\GitHub\atividade-comunica-o-2-arthur\.pio\build\frdm_kl25z\zephyr/drivers/gpio/libdrivers__gpio.a(gpio_mcux.c.o)
 .z_init_POST_KERNEL_P_40_SUB_00016_
                0x0000000000006518        0x8 C:\Users\junqu\Documents\GitHub\atividade-comunica-o-2-arthur\.pio\build\frdm_kl25z\zephyr/drivers/gpio/libdrivers__gpio.a(gpio_mcux.c.o)
 .z_init_POST_KERNEL_P_40_SUB_00018_
                0x0000000000006520        0x8 C:\Users\junqu\Documents\GitHub\atividade-comunica-o-2-arthur\.pio\build\frdm_kl25z\zephyr/drivers/gpio/libdrivers__gpio.a(gpio_mcux.c.o)
 .z_init_POST_KERNEL_P_50_SUB_00041_
                0x0000000000006528        0x8 C:\Users\junqu\Documents\GitHub\atividade-comunica-o-2-arthur\.pio\build\frdm_kl25z\zephyr/drivers/i2c/libdrivers__i2c.a(i2c_mcux.c.o)
 .z_init_POST_KERNEL_P_90_SUB_00042_
                0x0000000000006530        0x8 C:\Users\junqu\Documents\GitHub\atividade-comunica-o-2-arthur\.pio\build\frdm_kl25z\zephyr/drivers/sensor/nxp/fxos8700/libdrivers__sensor__nxp__fxos8700.a(fxos8700.c.o)
 *(SORT_BY_NAME(SORT_BY_ALIGNMENT(.z_init_POST_KERNEL_P_???_*)))
                0x0000000000006538                __init_APPLICATION_start = .
 *(SORT_BY_NAME(SORT_BY_ALIGNMENT(.z_init_APPLICATION_P_?_*)))
 *(SORT_BY_NAME(SORT_BY_ALIGNMENT(.z_init_APPLICATION_P_??_*)))
 *(SORT_BY_NAME(SORT_BY_ALIGNMENT(.z_init_APPLICATION_P_???_*)))
                0x0000000000006538                __init_SMP_start = .
 *(SORT_BY_NAME(SORT_BY_ALIGNMENT(.z_init_SMP_P_?_*)))
 *(SORT_BY_NAME(SORT_BY_ALIGNMENT(.z_init_SMP_P_??_*)))
 *(SORT_BY_NAME(SORT_BY_ALIGNMENT(.z_init_SMP_P_???_*)))
                0x0000000000006538                __init_end = .

device_area     0x0000000000006538      0x1a0